<?xml version="1.0" encoding="ISO-8859-1" ?>
<link_info>
   <banner>MSP430 Linker PC v20.2.1.LTS</banner>
   <copyright>Copyright (c) 2003-2018 Texas Instruments Incorporated</copyright>
   <link_time>0x6019fd3c</link_time>
   <link_errors>0x0</link_errors>
   <output_file>SO_GMT_PCC_ThermalMeasurementCard.out</output_file>
   <entry_point>
      <name>_c_int00_noargs</name>
      <address>0xcaba</address>
   </entry_point>
   <input_file_list>
      <input_file id="fl-2">
         <path>.\</path>
         <kind>object</kind>
         <file>main.obj</file>
         <name>main.obj</name>
      </input_file>
      <input_file id="fl-7">
         <kind>object</kind>
         <file>&lt;internal&gt;</file>
         <name>&lt;internal&gt;</name>
      </input_file>
      <input_file id="fl-1d">
         <path>C:\ti\ccs1011\ccs\tools\compiler\ti-cgt-msp430_20.2.1.LTS\lib\</path>
         <kind>archive</kind>
         <file>rts430_eabi.lib</file>
         <name>epilog.asm.obj</name>
      </input_file>
      <input_file id="fl-1e">
         <path>C:\ti\ccs1011\ccs\tools\compiler\ti-cgt-msp430_20.2.1.LTS\lib\</path>
         <kind>archive</kind>
         <file>rts430_eabi.lib</file>
         <name>int00.asm.obj</name>
      </input_file>
      <input_file id="fl-1f">
         <path>C:\ti\ccs1011\ccs\tools\compiler\ti-cgt-msp430_20.2.1.LTS\lib\</path>
         <kind>archive</kind>
         <file>rts430_eabi.lib</file>
         <name>int02.asm.obj</name>
      </input_file>
      <input_file id="fl-20">
         <path>C:\ti\ccs1011\ccs\tools\compiler\ti-cgt-msp430_20.2.1.LTS\lib\</path>
         <kind>archive</kind>
         <file>rts430_eabi.lib</file>
         <name>int03.asm.obj</name>
      </input_file>
      <input_file id="fl-21">
         <path>C:\ti\ccs1011\ccs\tools\compiler\ti-cgt-msp430_20.2.1.LTS\lib\</path>
         <kind>archive</kind>
         <file>rts430_eabi.lib</file>
         <name>int05.asm.obj</name>
      </input_file>
      <input_file id="fl-22">
         <path>C:\ti\ccs1011\ccs\tools\compiler\ti-cgt-msp430_20.2.1.LTS\lib\</path>
         <kind>archive</kind>
         <file>rts430_eabi.lib</file>
         <name>int08.asm.obj</name>
      </input_file>
      <input_file id="fl-23">
         <path>C:\ti\ccs1011\ccs\tools\compiler\ti-cgt-msp430_20.2.1.LTS\lib\</path>
         <kind>archive</kind>
         <file>rts430_eabi.lib</file>
         <name>int09.asm.obj</name>
      </input_file>
      <input_file id="fl-24">
         <path>C:\ti\ccs1011\ccs\tools\compiler\ti-cgt-msp430_20.2.1.LTS\lib\</path>
         <kind>archive</kind>
         <file>rts430_eabi.lib</file>
         <name>int10.asm.obj</name>
      </input_file>
      <input_file id="fl-25">
         <path>C:\ti\ccs1011\ccs\tools\compiler\ti-cgt-msp430_20.2.1.LTS\lib\</path>
         <kind>archive</kind>
         <file>rts430_eabi.lib</file>
         <name>int11.asm.obj</name>
      </input_file>
      <input_file id="fl-26">
         <path>C:\ti\ccs1011\ccs\tools\compiler\ti-cgt-msp430_20.2.1.LTS\lib\</path>
         <kind>archive</kind>
         <file>rts430_eabi.lib</file>
         <name>int12.asm.obj</name>
      </input_file>
      <input_file id="fl-27">
         <path>C:\ti\ccs1011\ccs\tools\compiler\ti-cgt-msp430_20.2.1.LTS\lib\</path>
         <kind>archive</kind>
         <file>rts430_eabi.lib</file>
         <name>int13.asm.obj</name>
      </input_file>
      <input_file id="fl-28">
         <path>C:\ti\ccs1011\ccs\tools\compiler\ti-cgt-msp430_20.2.1.LTS\lib\</path>
         <kind>archive</kind>
         <file>rts430_eabi.lib</file>
         <name>int14.asm.obj</name>
      </input_file>
      <input_file id="fl-29">
         <path>C:\ti\ccs1011\ccs\tools\compiler\ti-cgt-msp430_20.2.1.LTS\lib\</path>
         <kind>archive</kind>
         <file>rts430_eabi.lib</file>
         <name>isr_trap.asm.obj</name>
      </input_file>
      <input_file id="fl-2a">
         <path>C:\ti\ccs1011\ccs\tools\compiler\ti-cgt-msp430_20.2.1.LTS\lib\</path>
         <kind>archive</kind>
         <file>rts430_eabi.lib</file>
         <name>boot.c.obj</name>
      </input_file>
      <input_file id="fl-2b">
         <path>C:\ti\ccs1011\ccs\tools\compiler\ti-cgt-msp430_20.2.1.LTS\lib\</path>
         <kind>archive</kind>
         <file>rts430_eabi.lib</file>
         <name>autoinit.c.obj</name>
      </input_file>
      <input_file id="fl-2c">
         <path>C:\ti\ccs1011\ccs\tools\compiler\ti-cgt-msp430_20.2.1.LTS\lib\</path>
         <kind>archive</kind>
         <file>rts430_eabi.lib</file>
         <name>copy_zero_init.c.obj</name>
      </input_file>
      <input_file id="fl-2d">
         <path>C:\ti\ccs1011\ccs\tools\compiler\ti-cgt-msp430_20.2.1.LTS\lib\</path>
         <kind>archive</kind>
         <file>rts430_eabi.lib</file>
         <name>cpy_tbl.c.obj</name>
      </input_file>
      <input_file id="fl-2e">
         <path>C:\ti\ccs1011\ccs\tools\compiler\ti-cgt-msp430_20.2.1.LTS\lib\</path>
         <kind>archive</kind>
         <file>rts430_eabi.lib</file>
         <name>mpu_init.c.obj</name>
      </input_file>
      <input_file id="fl-2f">
         <path>C:\ti\ccs1011\ccs\tools\compiler\ti-cgt-msp430_20.2.1.LTS\lib\</path>
         <kind>archive</kind>
         <file>rts430_eabi.lib</file>
         <name>pre_init.c.obj</name>
      </input_file>
      <input_file id="fl-30">
         <path>C:\ti\ccs1011\ccs\tools\compiler\ti-cgt-msp430_20.2.1.LTS\lib\</path>
         <kind>archive</kind>
         <file>rts430_eabi.lib</file>
         <name>startup.c.obj</name>
      </input_file>
      <input_file id="fl-31">
         <path>C:\ti\ccs1011\ccs\tools\compiler\ti-cgt-msp430_20.2.1.LTS\lib\</path>
         <kind>archive</kind>
         <file>rts430_eabi.lib</file>
         <name>copy_decompress_none.c.obj</name>
      </input_file>
      <input_file id="fl-32">
         <path>C:\ti\ccs1011\ccs\tools\compiler\ti-cgt-msp430_20.2.1.LTS\lib\</path>
         <kind>archive</kind>
         <file>rts430_eabi.lib</file>
         <name>copy_decompress_lzss.c.obj</name>
      </input_file>
      <input_file id="fl-33">
         <path>C:\ti\ccs1011\ccs\tools\compiler\ti-cgt-msp430_20.2.1.LTS\lib\</path>
         <kind>archive</kind>
         <file>rts430_eabi.lib</file>
         <name>exit.c.obj</name>
      </input_file>
      <input_file id="fl-34">
         <path>C:\ti\ccs1011\ccs\tools\compiler\ti-cgt-msp430_20.2.1.LTS\lib\</path>
         <kind>archive</kind>
         <file>rts430_eabi.lib</file>
         <name>_lock.c.obj</name>
      </input_file>
      <input_file id="fl-35">
         <path>C:\ti\ccs1011\ccs\tools\compiler\ti-cgt-msp430_20.2.1.LTS\lib\</path>
         <kind>archive</kind>
         <file>rts430_eabi.lib</file>
         <name>args_main.c.obj</name>
      </input_file>
      <input_file id="fl-36">
         <path>C:\ti\ccs1011\ccs\tools\compiler\ti-cgt-msp430_20.2.1.LTS\lib\</path>
         <kind>archive</kind>
         <file>rts430_eabi.lib</file>
         <name>memcpy.c.obj</name>
      </input_file>
      <input_file id="fl-37">
         <path>C:\ti\ccs1011\ccs\tools\compiler\ti-cgt-msp430_20.2.1.LTS\lib\</path>
         <kind>archive</kind>
         <file>rts430_eabi.lib</file>
         <name>lsl16.asm.obj</name>
      </input_file>
      <input_file id="fl-38">
         <path>C:\ti\ccs1011\ccs\tools\compiler\ti-cgt-msp430_20.2.1.LTS\lib\</path>
         <kind>archive</kind>
         <file>rts430_eabi.lib</file>
         <name>lsr16.asm.obj</name>
      </input_file>
      <input_file id="fl-39">
         <path>C:\ti\ccs1011\ccs\tools\compiler\ti-cgt-msp430_20.2.1.LTS\lib\</path>
         <kind>archive</kind>
         <file>rts430_eabi.lib</file>
         <name>mult16.asm.obj</name>
      </input_file>
      <input_file id="fl-3a">
         <path>C:\ti\ccs1011\ccs\tools\compiler\ti-cgt-msp430_20.2.1.LTS\lib\</path>
         <kind>archive</kind>
         <file>rts430_eabi.lib</file>
         <name>exit_gvars.c.obj</name>
      </input_file>
   </input_file_list>
   <object_component_list>
      <object_component id="oc-143">
         <name>.data</name>
         <load_address>0x228</load_address>
         <run_address>0x228</run_address>
         <size>0xf</size>
         <input_file_ref idref="fl-2"/>
      </object_component>
      <object_component id="oc-235">
         <name>.data:start_cmd</name>
         <load_address>0x2c4</load_address>
         <run_address>0x2c4</run_address>
         <size>0x1</size>
         <input_file_ref idref="fl-2"/>
      </object_component>
      <object_component id="oc-248">
         <name>.data:sfocal_cmd</name>
         <load_address>0x2c2</load_address>
         <run_address>0x2c2</run_address>
         <size>0x1</size>
         <input_file_ref idref="fl-2"/>
      </object_component>
      <object_component id="oc-303">
         <name>.data:RData_Tx</name>
         <load_address>0x2be</load_address>
         <run_address>0x2be</run_address>
         <size>0x2</size>
         <input_file_ref idref="fl-2"/>
      </object_component>
      <object_component id="oc-277">
         <name>.data:RData_Rx_Ch0</name>
         <load_address>0x292</load_address>
         <run_address>0x292</run_address>
         <size>0x3</size>
         <input_file_ref idref="fl-2"/>
      </object_component>
      <object_component id="oc-280">
         <name>.data:RData_Rx_Ch1</name>
         <load_address>0x296</load_address>
         <run_address>0x296</run_address>
         <size>0x3</size>
         <input_file_ref idref="fl-2"/>
      </object_component>
      <object_component id="oc-283">
         <name>.data:RData_Rx_Ch2</name>
         <load_address>0x29a</load_address>
         <run_address>0x29a</run_address>
         <size>0x3</size>
         <input_file_ref idref="fl-2"/>
      </object_component>
      <object_component id="oc-286">
         <name>.data:RData_Rx_Ch3</name>
         <load_address>0x29e</load_address>
         <run_address>0x29e</run_address>
         <size>0x3</size>
         <input_file_ref idref="fl-2"/>
      </object_component>
      <object_component id="oc-289">
         <name>.data:RData_Rx_Ch4</name>
         <load_address>0x2a2</load_address>
         <run_address>0x2a2</run_address>
         <size>0x3</size>
         <input_file_ref idref="fl-2"/>
      </object_component>
      <object_component id="oc-28f">
         <name>.data:RData_Rx_Ch5</name>
         <load_address>0x2a6</load_address>
         <run_address>0x2a6</run_address>
         <size>0x3</size>
         <input_file_ref idref="fl-2"/>
      </object_component>
      <object_component id="oc-295">
         <name>.data:RData_Rx_AVDD</name>
         <load_address>0x28e</load_address>
         <run_address>0x28e</run_address>
         <size>0x3</size>
         <input_file_ref idref="fl-2"/>
      </object_component>
      <object_component id="oc-29b">
         <name>.data:RData_Rx_DVDD</name>
         <load_address>0x2aa</load_address>
         <run_address>0x2aa</run_address>
         <size>0x3</size>
         <input_file_ref idref="fl-2"/>
      </object_component>
      <object_component id="oc-2a4">
         <name>.data:RData_Rx_Temperature</name>
         <load_address>0x2ae</load_address>
         <run_address>0x2ae</run_address>
         <size>0x3</size>
         <input_file_ref idref="fl-2"/>
      </object_component>
      <object_component id="oc-2b3">
         <name>.data:RReg_All_Tx</name>
         <load_address>0x2b2</load_address>
         <run_address>0x2b2</run_address>
         <size>0x3</size>
         <input_file_ref idref="fl-2"/>
      </object_component>
      <object_component id="oc-2bc">
         <name>.data:RReg_All_Rx</name>
         <load_address>0x238</load_address>
         <run_address>0x238</run_address>
         <size>0xa</size>
         <input_file_ref idref="fl-2"/>
      </object_component>
      <object_component id="oc-264">
         <name>.data:Status_bitfield</name>
         <load_address>0x256</load_address>
         <run_address>0x256</run_address>
         <size>0x4</size>
         <input_file_ref idref="fl-2"/>
      </object_component>
      <object_component id="oc-23e">
         <name>.data:ADC_Setup</name>
         <load_address>0x25a</load_address>
         <run_address>0x25a</run_address>
         <size>0x3</size>
         <input_file_ref idref="fl-2"/>
      </object_component>
      <object_component id="oc-24c">
         <name>.data:En_PGA_32</name>
         <load_address>0x286</load_address>
         <run_address>0x286</run_address>
         <size>0x3</size>
         <input_file_ref idref="fl-2"/>
      </object_component>
      <object_component id="oc-29e">
         <name>.data:En_PGA_4</name>
         <load_address>0x28a</load_address>
         <run_address>0x28a</run_address>
         <size>0x3</size>
         <input_file_ref idref="fl-2"/>
      </object_component>
      <object_component id="oc-24f">
         <name>.data:Chop_Mode_Off</name>
         <load_address>0x282</load_address>
         <run_address>0x282</run_address>
         <size>0x3</size>
         <input_file_ref idref="fl-2"/>
      </object_component>
      <object_component id="oc-252">
         <name>.data:Burnout_On</name>
         <load_address>0x262</load_address>
         <run_address>0x262</run_address>
         <size>0x3</size>
         <input_file_ref idref="fl-2"/>
      </object_component>
      <object_component id="oc-273">
         <name>.data:Burnout_Off</name>
         <load_address>0x25e</load_address>
         <run_address>0x25e</run_address>
         <size>0x3</size>
         <input_file_ref idref="fl-2"/>
      </object_component>
      <object_component id="oc-255">
         <name>.data:Channel_0</name>
         <load_address>0x266</load_address>
         <run_address>0x266</run_address>
         <size>0x3</size>
         <input_file_ref idref="fl-2"/>
      </object_component>
      <object_component id="oc-267">
         <name>.data:Channel_1</name>
         <load_address>0x26a</load_address>
         <run_address>0x26a</run_address>
         <size>0x3</size>
         <input_file_ref idref="fl-2"/>
      </object_component>
      <object_component id="oc-26a">
         <name>.data:Channel_2</name>
         <load_address>0x26e</load_address>
         <run_address>0x26e</run_address>
         <size>0x3</size>
         <input_file_ref idref="fl-2"/>
      </object_component>
      <object_component id="oc-26d">
         <name>.data:Channel_3</name>
         <load_address>0x272</load_address>
         <run_address>0x272</run_address>
         <size>0x3</size>
         <input_file_ref idref="fl-2"/>
      </object_component>
      <object_component id="oc-270">
         <name>.data:Channel_4</name>
         <load_address>0x276</load_address>
         <run_address>0x276</run_address>
         <size>0x3</size>
         <input_file_ref idref="fl-2"/>
      </object_component>
      <object_component id="oc-28c">
         <name>.data:Channel_5</name>
         <load_address>0x27a</load_address>
         <run_address>0x27a</run_address>
         <size>0x3</size>
         <input_file_ref idref="fl-2"/>
      </object_component>
      <object_component id="oc-292">
         <name>.data:V_analog_mon</name>
         <load_address>0x2b6</load_address>
         <run_address>0x2b6</run_address>
         <size>0x3</size>
         <input_file_ref idref="fl-2"/>
      </object_component>
      <object_component id="oc-298">
         <name>.data:V_digital_mon</name>
         <load_address>0x2ba</load_address>
         <run_address>0x2ba</run_address>
         <size>0x3</size>
         <input_file_ref idref="fl-2"/>
      </object_component>
      <object_component id="oc-2a1">
         <name>.data:Chip_temperature</name>
         <load_address>0x27e</load_address>
         <run_address>0x27e</run_address>
         <size>0x3</size>
         <input_file_ref idref="fl-2"/>
      </object_component>
      <object_component id="oc-158">
         <name>.data:ReceiveBuffer</name>
         <load_address>0x242</load_address>
         <run_address>0x242</run_address>
         <size>0xa</size>
         <input_file_ref idref="fl-2"/>
      </object_component>
      <object_component id="oc-161">
         <name>.data:TransmitBuffer</name>
         <load_address>0x24c</load_address>
         <run_address>0x24c</run_address>
         <size>0xa</size>
         <input_file_ref idref="fl-2"/>
      </object_component>
      <object_component id="oc-149">
         <name>.data:i2cReceiveBuffer</name>
         <load_address>0x2c0</load_address>
         <run_address>0x2c0</run_address>
         <size>0x2</size>
         <input_file_ref idref="fl-2"/>
      </object_component>
      <object_component id="oc-146">
         <name>.data:i2cTransmitBuffer</name>
         <load_address>0x200</load_address>
         <run_address>0x200</run_address>
         <size>0x28</size>
         <input_file_ref idref="fl-2"/>
      </object_component>
      <object_component id="oc-b1">
         <name>.stack</name>
         <uninitialized>true</uninitialized>
         <run_address>0x2d4</run_address>
         <size>0x2</size>
         <input_file_ref idref="fl-2a"/>
      </object_component>
      <object_component id="oc-3b5">
         <name>.stack</name>
         <uninitialized>true</uninitialized>
         <run_address>0x2d4</run_address>
         <size>0x0</size>
      </object_component>
      <object_component id="oc-1b6">
         <name>.text:ReadADCData</name>
         <load_address>0xc000</load_address>
         <run_address>0xc000</run_address>
         <size>0x27a</size>
         <input_file_ref idref="fl-2"/>
      </object_component>
      <object_component id="oc-1b0">
         <name>.text:BurnoutDetect</name>
         <load_address>0xc27a</load_address>
         <run_address>0xc27a</run_address>
         <size>0x17c</size>
         <input_file_ref idref="fl-2"/>
      </object_component>
      <object_component id="oc-e7">
         <name>.text:USCIA0RX_ISR</name>
         <load_address>0xc3f6</load_address>
         <run_address>0xc3f6</run_address>
         <size>0xdc</size>
         <input_file_ref idref="fl-2"/>
      </object_component>
      <object_component id="oc-e1">
         <name>.text:USCIAB0TX_ISR</name>
         <load_address>0xc4d2</load_address>
         <run_address>0xc4d2</run_address>
         <size>0x9c</size>
         <input_file_ref idref="fl-2"/>
      </object_component>
      <object_component id="oc-1bc">
         <name>.text:Publish_Data</name>
         <load_address>0xc56e</load_address>
         <run_address>0xc56e</run_address>
         <size>0x7e</size>
         <input_file_ref idref="fl-2"/>
      </object_component>
      <object_component id="oc-34">
         <name>.text:decompress:lzss:__TI_decompress_lzss</name>
         <load_address>0xc5ec</load_address>
         <run_address>0xc5ec</run_address>
         <size>0x7c</size>
         <input_file_ref idref="fl-32"/>
      </object_component>
      <object_component id="oc-1a4">
         <name>.text:ADCReset</name>
         <load_address>0xc668</load_address>
         <run_address>0xc668</run_address>
         <size>0x7a</size>
         <input_file_ref idref="fl-2"/>
      </object_component>
      <object_component id="oc-14c">
         <name>.text:I2C_Slave_ProcessCMD</name>
         <load_address>0xc6e2</load_address>
         <run_address>0xc6e2</run_address>
         <size>0x5c</size>
         <input_file_ref idref="fl-2"/>
      </object_component>
      <object_component id="oc-258">
         <name>.text:RDATA</name>
         <load_address>0xc73e</load_address>
         <run_address>0xc73e</run_address>
         <size>0x54</size>
         <input_file_ref idref="fl-2"/>
      </object_component>
      <object_component id="oc-2b6">
         <name>.text:RREG</name>
         <load_address>0xc792</load_address>
         <run_address>0xc792</run_address>
         <size>0x54</size>
         <input_file_ref idref="fl-2"/>
      </object_component>
      <object_component id="oc-238">
         <name>.text:CMD</name>
         <load_address>0xc7e6</load_address>
         <run_address>0xc7e6</run_address>
         <size>0x4e</size>
         <input_file_ref idref="fl-2"/>
      </object_component>
      <object_component id="oc-241">
         <name>.text:WREG</name>
         <load_address>0xc834</load_address>
         <run_address>0xc834</run_address>
         <size>0x4e</size>
         <input_file_ref idref="fl-2"/>
      </object_component>
      <object_component id="oc-ba">
         <name>.text</name>
         <load_address>0xc882</load_address>
         <run_address>0xc882</run_address>
         <size>0x4c</size>
         <input_file_ref idref="fl-38"/>
      </object_component>
      <object_component id="oc-1fb">
         <name>.text:__TI_auto_init_nobinit_nopinit:__TI_auto_init_nobinit_nopinit</name>
         <load_address>0xc8ce</load_address>
         <run_address>0xc8ce</run_address>
         <size>0x42</size>
         <input_file_ref idref="fl-2b"/>
      </object_component>
      <object_component id="oc-1d6">
         <name>.text:initGPIO</name>
         <load_address>0xc910</load_address>
         <run_address>0xc910</run_address>
         <size>0x38</size>
         <input_file_ref idref="fl-2"/>
      </object_component>
      <object_component id="oc-1dc">
         <name>.text:initSPI</name>
         <load_address>0xc948</load_address>
         <run_address>0xc948</run_address>
         <size>0x38</size>
         <input_file_ref idref="fl-2"/>
      </object_component>
      <object_component id="oc-173">
         <name>.text:main</name>
         <load_address>0xc980</load_address>
         <run_address>0xc980</run_address>
         <size>0x34</size>
         <input_file_ref idref="fl-2"/>
      </object_component>
      <object_component id="oc-1e2">
         <name>.text:initI2C</name>
         <load_address>0xc9b4</load_address>
         <run_address>0xc9b4</run_address>
         <size>0x2e</size>
         <input_file_ref idref="fl-2"/>
      </object_component>
      <object_component id="oc-b5">
         <name>.text</name>
         <load_address>0xc9e2</load_address>
         <run_address>0xc9e2</run_address>
         <size>0x2c</size>
         <input_file_ref idref="fl-37"/>
      </object_component>
      <object_component id="oc-1e8">
         <name>.text:PowerOnSetup</name>
         <load_address>0xca0e</load_address>
         <run_address>0xca0e</run_address>
         <size>0x2a</size>
         <input_file_ref idref="fl-2"/>
      </object_component>
      <object_component id="oc-1aa">
         <name>.text:SelfCalibration</name>
         <load_address>0xca38</load_address>
         <run_address>0xca38</run_address>
         <size>0x26</size>
         <input_file_ref idref="fl-2"/>
      </object_component>
      <object_component id="oc-2a8">
         <name>.text:CopytoDataBuffer</name>
         <load_address>0xca5e</load_address>
         <run_address>0xca5e</run_address>
         <size>0x24</size>
         <input_file_ref idref="fl-2"/>
      </object_component>
      <object_component id="oc-25e">
         <name>.text:BurnoutCheck</name>
         <load_address>0xca82</load_address>
         <run_address>0xca82</run_address>
         <size>0x1c</size>
         <input_file_ref idref="fl-2"/>
      </object_component>
      <object_component id="oc-27a">
         <name>.text:CopyArray</name>
         <load_address>0xca9e</load_address>
         <run_address>0xca9e</run_address>
         <size>0x1c</size>
         <input_file_ref idref="fl-2"/>
      </object_component>
      <object_component id="oc-ff">
         <name>.text:_c_int00_noargs</name>
         <load_address>0xcaba</load_address>
         <run_address>0xcaba</run_address>
         <size>0x1c</size>
         <input_file_ref idref="fl-2a"/>
      </object_component>
      <object_component id="oc-1d0">
         <name>.text:initClockTo8MHz</name>
         <load_address>0xcad6</load_address>
         <run_address>0xcad6</run_address>
         <size>0x1c</size>
         <input_file_ref idref="fl-2"/>
      </object_component>
      <object_component id="oc-3a">
         <name>.text:decompress:none:__TI_decompress_none</name>
         <load_address>0xcaf2</load_address>
         <run_address>0xcaf2</run_address>
         <size>0x12</size>
         <input_file_ref idref="fl-31"/>
      </object_component>
      <object_component id="oc-cf">
         <name>.text:memcpy</name>
         <load_address>0xcb04</load_address>
         <run_address>0xcb04</run_address>
         <size>0x12</size>
         <input_file_ref idref="fl-36"/>
      </object_component>
      <object_component id="oc-bf">
         <name>.text</name>
         <load_address>0xcb16</load_address>
         <run_address>0xcb16</run_address>
         <size>0x10</size>
         <input_file_ref idref="fl-1d"/>
      </object_component>
      <object_component id="oc-15b">
         <name>.text:SendUCA0Data</name>
         <load_address>0xcb26</load_address>
         <run_address>0xcb26</run_address>
         <size>0xc</size>
         <input_file_ref idref="fl-2"/>
      </object_component>
      <object_component id="oc-dc">
         <name>.text:_isr:__TI_ISR_TRAP</name>
         <load_address>0xcb32</load_address>
         <run_address>0xcb32</run_address>
         <size>0x8</size>
         <input_file_ref idref="fl-29"/>
      </object_component>
      <object_component id="oc-1ef">
         <name>.text:abort</name>
         <load_address>0xcb3a</load_address>
         <run_address>0xcb3a</run_address>
         <size>0x6</size>
         <input_file_ref idref="fl-33"/>
      </object_component>
      <object_component id="oc-16d">
         <name>.text:_system_pre_init</name>
         <load_address>0xcb40</load_address>
         <run_address>0xcb40</run_address>
         <size>0x4</size>
         <input_file_ref idref="fl-2f"/>
      </object_component>
      <object_component id="oc-2d2">
         <name>.text:_system_post_cinit</name>
         <load_address>0xcb44</load_address>
         <run_address>0xcb44</run_address>
         <size>0x2</size>
         <input_file_ref idref="fl-30"/>
      </object_component>
      <object_component id="oc-3b4">
         <name>.cinit..data.load</name>
         <load_address>0xcb46</load_address>
         <run_address>0xcb46</run_address>
         <size>0x4f</size>
      </object_component>
      <object_component id="oc-3b2">
         <name>__TI_handler_table</name>
         <load_address>0xcb96</load_address>
         <run_address>0xcb96</run_address>
         <size>0x4</size>
      </object_component>
      <object_component id="oc-3b3">
         <name>__TI_cinit_table</name>
         <load_address>0xcb9a</load_address>
         <run_address>0xcb9a</run_address>
         <size>0x4</size>
      </object_component>
      <object_component id="oc-374">
         <name>.binit</name>
         <load_address>0xc000</load_address>
         <run_address>0xc000</run_address>
         <size>0x0</size>
      </object_component>
      <object_component id="oc-40">
         <name>.int00</name>
         <load_address>0xffe0</load_address>
         <run_address>0xffe0</run_address>
         <size>0x2</size>
         <input_file_ref idref="fl-1e"/>
      </object_component>
      <object_component id="oc-41">
         <name>.int02</name>
         <load_address>0xffe4</load_address>
         <run_address>0xffe4</run_address>
         <size>0x2</size>
         <input_file_ref idref="fl-1f"/>
      </object_component>
      <object_component id="oc-42">
         <name>.int03</name>
         <load_address>0xffe6</load_address>
         <run_address>0xffe6</run_address>
         <size>0x2</size>
         <input_file_ref idref="fl-20"/>
      </object_component>
      <object_component id="oc-43">
         <name>.int05</name>
         <load_address>0xffea</load_address>
         <run_address>0xffea</run_address>
         <size>0x2</size>
         <input_file_ref idref="fl-21"/>
      </object_component>
      <object_component id="oc-44">
         <name>.int06</name>
         <load_address>0xffec</load_address>
         <run_address>0xffec</run_address>
         <size>0x2</size>
         <input_file_ref idref="fl-2"/>
      </object_component>
      <object_component id="oc-45">
         <name>.int07</name>
         <load_address>0xffee</load_address>
         <run_address>0xffee</run_address>
         <size>0x2</size>
         <input_file_ref idref="fl-2"/>
      </object_component>
      <object_component id="oc-46">
         <name>.int08</name>
         <load_address>0xfff0</load_address>
         <run_address>0xfff0</run_address>
         <size>0x2</size>
         <input_file_ref idref="fl-22"/>
      </object_component>
      <object_component id="oc-47">
         <name>.int09</name>
         <load_address>0xfff2</load_address>
         <run_address>0xfff2</run_address>
         <size>0x2</size>
         <input_file_ref idref="fl-23"/>
      </object_component>
      <object_component id="oc-48">
         <name>.int10</name>
         <load_address>0xfff4</load_address>
         <run_address>0xfff4</run_address>
         <size>0x2</size>
         <input_file_ref idref="fl-24"/>
      </object_component>
      <object_component id="oc-49">
         <name>.int11</name>
         <load_address>0xfff6</load_address>
         <run_address>0xfff6</run_address>
         <size>0x2</size>
         <input_file_ref idref="fl-25"/>
      </object_component>
      <object_component id="oc-4a">
         <name>.int12</name>
         <load_address>0xfff8</load_address>
         <run_address>0xfff8</run_address>
         <size>0x2</size>
         <input_file_ref idref="fl-26"/>
      </object_component>
      <object_component id="oc-4b">
         <name>.int13</name>
         <load_address>0xfffa</load_address>
         <run_address>0xfffa</run_address>
         <size>0x2</size>
         <input_file_ref idref="fl-27"/>
      </object_component>
      <object_component id="oc-4c">
         <name>.int14</name>
         <load_address>0xfffc</load_address>
         <run_address>0xfffc</run_address>
         <size>0x2</size>
         <input_file_ref idref="fl-28"/>
      </object_component>
      <object_component id="oc-b4">
         <name>.reset</name>
         <load_address>0xfffe</load_address>
         <run_address>0xfffe</run_address>
         <size>0x2</size>
         <input_file_ref idref="fl-2a"/>
      </object_component>
      <object_component id="oc-1a1">
         <name>.debug_info</name>
         <load_address>0x0</load_address>
         <run_address>0x0</run_address>
         <size>0x51f</size>
         <input_file_ref idref="fl-2"/>
      </object_component>
      <object_component id="oc-144">
         <name>.debug_info</name>
         <load_address>0x51f</load_address>
         <run_address>0x51f</run_address>
         <size>0x2d6</size>
         <input_file_ref idref="fl-2"/>
      </object_component>
      <object_component id="oc-236">
         <name>.debug_info</name>
         <load_address>0x7f5</load_address>
         <run_address>0x7f5</run_address>
         <size>0xe8</size>
         <input_file_ref idref="fl-2"/>
      </object_component>
      <object_component id="oc-249">
         <name>.debug_info</name>
         <load_address>0x8dd</load_address>
         <run_address>0x8dd</run_address>
         <size>0xea</size>
         <input_file_ref idref="fl-2"/>
      </object_component>
      <object_component id="oc-304">
         <name>.debug_info</name>
         <load_address>0x9c7</load_address>
         <run_address>0x9c7</run_address>
         <size>0xe6</size>
         <input_file_ref idref="fl-2"/>
      </object_component>
      <object_component id="oc-278">
         <name>.debug_info</name>
         <load_address>0xaad</load_address>
         <run_address>0xaad</run_address>
         <size>0xee</size>
         <input_file_ref idref="fl-2"/>
      </object_component>
      <object_component id="oc-281">
         <name>.debug_info</name>
         <load_address>0xb9b</load_address>
         <run_address>0xb9b</run_address>
         <size>0xee</size>
         <input_file_ref idref="fl-2"/>
      </object_component>
      <object_component id="oc-284">
         <name>.debug_info</name>
         <load_address>0xc89</load_address>
         <run_address>0xc89</run_address>
         <size>0xee</size>
         <input_file_ref idref="fl-2"/>
      </object_component>
      <object_component id="oc-287">
         <name>.debug_info</name>
         <load_address>0xd77</load_address>
         <run_address>0xd77</run_address>
         <size>0xee</size>
         <input_file_ref idref="fl-2"/>
      </object_component>
      <object_component id="oc-28a">
         <name>.debug_info</name>
         <load_address>0xe65</load_address>
         <run_address>0xe65</run_address>
         <size>0xee</size>
         <input_file_ref idref="fl-2"/>
      </object_component>
      <object_component id="oc-290">
         <name>.debug_info</name>
         <load_address>0xf53</load_address>
         <run_address>0xf53</run_address>
         <size>0xee</size>
         <input_file_ref idref="fl-2"/>
      </object_component>
      <object_component id="oc-296">
         <name>.debug_info</name>
         <load_address>0x1041</load_address>
         <run_address>0x1041</run_address>
         <size>0xf0</size>
         <input_file_ref idref="fl-2"/>
      </object_component>
      <object_component id="oc-29c">
         <name>.debug_info</name>
         <load_address>0x1131</load_address>
         <run_address>0x1131</run_address>
         <size>0xf0</size>
         <input_file_ref idref="fl-2"/>
      </object_component>
      <object_component id="oc-2a5">
         <name>.debug_info</name>
         <load_address>0x1221</load_address>
         <run_address>0x1221</run_address>
         <size>0xfe</size>
         <input_file_ref idref="fl-2"/>
      </object_component>
      <object_component id="oc-2b4">
         <name>.debug_info</name>
         <load_address>0x131f</load_address>
         <run_address>0x131f</run_address>
         <size>0xec</size>
         <input_file_ref idref="fl-2"/>
      </object_component>
      <object_component id="oc-2bd">
         <name>.debug_info</name>
         <load_address>0x140b</load_address>
         <run_address>0x140b</run_address>
         <size>0xec</size>
         <input_file_ref idref="fl-2"/>
      </object_component>
      <object_component id="oc-265">
         <name>.debug_info</name>
         <load_address>0x14f7</load_address>
         <run_address>0x14f7</run_address>
         <size>0xf4</size>
         <input_file_ref idref="fl-2"/>
      </object_component>
      <object_component id="oc-23f">
         <name>.debug_info</name>
         <load_address>0x15eb</load_address>
         <run_address>0x15eb</run_address>
         <size>0xe8</size>
         <input_file_ref idref="fl-2"/>
      </object_component>
      <object_component id="oc-24d">
         <name>.debug_info</name>
         <load_address>0x16d3</load_address>
         <run_address>0x16d3</run_address>
         <size>0xe8</size>
         <input_file_ref idref="fl-2"/>
      </object_component>
      <object_component id="oc-29f">
         <name>.debug_info</name>
         <load_address>0x17bb</load_address>
         <run_address>0x17bb</run_address>
         <size>0xe6</size>
         <input_file_ref idref="fl-2"/>
      </object_component>
      <object_component id="oc-250">
         <name>.debug_info</name>
         <load_address>0x18a1</load_address>
         <run_address>0x18a1</run_address>
         <size>0xf0</size>
         <input_file_ref idref="fl-2"/>
      </object_component>
      <object_component id="oc-253">
         <name>.debug_info</name>
         <load_address>0x1991</load_address>
         <run_address>0x1991</run_address>
         <size>0xea</size>
         <input_file_ref idref="fl-2"/>
      </object_component>
      <object_component id="oc-274">
         <name>.debug_info</name>
         <load_address>0x1a7b</load_address>
         <run_address>0x1a7b</run_address>
         <size>0xec</size>
         <input_file_ref idref="fl-2"/>
      </object_component>
      <object_component id="oc-256">
         <name>.debug_info</name>
         <load_address>0x1b67</load_address>
         <run_address>0x1b67</run_address>
         <size>0xe8</size>
         <input_file_ref idref="fl-2"/>
      </object_component>
      <object_component id="oc-268">
         <name>.debug_info</name>
         <load_address>0x1c4f</load_address>
         <run_address>0x1c4f</run_address>
         <size>0xe8</size>
         <input_file_ref idref="fl-2"/>
      </object_component>
      <object_component id="oc-26b">
         <name>.debug_info</name>
         <load_address>0x1d37</load_address>
         <run_address>0x1d37</run_address>
         <size>0xe8</size>
         <input_file_ref idref="fl-2"/>
      </object_component>
      <object_component id="oc-26e">
         <name>.debug_info</name>
         <load_address>0x1e1f</load_address>
         <run_address>0x1e1f</run_address>
         <size>0xe8</size>
         <input_file_ref idref="fl-2"/>
      </object_component>
      <object_component id="oc-271">
         <name>.debug_info</name>
         <load_address>0x1f07</load_address>
         <run_address>0x1f07</run_address>
         <size>0xe8</size>
         <input_file_ref idref="fl-2"/>
      </object_component>
      <object_component id="oc-28d">
         <name>.debug_info</name>
         <load_address>0x1fef</load_address>
         <run_address>0x1fef</run_address>
         <size>0xe8</size>
         <input_file_ref idref="fl-2"/>
      </object_component>
      <object_component id="oc-293">
         <name>.debug_info</name>
         <load_address>0x20d7</load_address>
         <run_address>0x20d7</run_address>
         <size>0xee</size>
         <input_file_ref idref="fl-2"/>
      </object_component>
      <object_component id="oc-299">
         <name>.debug_info</name>
         <load_address>0x21c5</load_address>
         <run_address>0x21c5</run_address>
         <size>0xf0</size>
         <input_file_ref idref="fl-2"/>
      </object_component>
      <object_component id="oc-2a2">
         <name>.debug_info</name>
         <load_address>0x22b5</load_address>
         <run_address>0x22b5</run_address>
         <size>0xf6</size>
         <input_file_ref idref="fl-2"/>
      </object_component>
      <object_component id="oc-159">
         <name>.debug_info</name>
         <load_address>0x23ab</load_address>
         <run_address>0x23ab</run_address>
         <size>0xf0</size>
         <input_file_ref idref="fl-2"/>
      </object_component>
      <object_component id="oc-162">
         <name>.debug_info</name>
         <load_address>0x249b</load_address>
         <run_address>0x249b</run_address>
         <size>0xf2</size>
         <input_file_ref idref="fl-2"/>
      </object_component>
      <object_component id="oc-14a">
         <name>.debug_info</name>
         <load_address>0x258d</load_address>
         <run_address>0x258d</run_address>
         <size>0xf7</size>
         <input_file_ref idref="fl-2"/>
      </object_component>
      <object_component id="oc-147">
         <name>.debug_info</name>
         <load_address>0x2684</load_address>
         <run_address>0x2684</run_address>
         <size>0xf9</size>
         <input_file_ref idref="fl-2"/>
      </object_component>
      <object_component id="oc-1d1">
         <name>.debug_info</name>
         <load_address>0x277d</load_address>
         <run_address>0x277d</run_address>
         <size>0x121</size>
         <input_file_ref idref="fl-2"/>
      </object_component>
      <object_component id="oc-1d7">
         <name>.debug_info</name>
         <load_address>0x289e</load_address>
         <run_address>0x289e</run_address>
         <size>0x113</size>
         <input_file_ref idref="fl-2"/>
      </object_component>
      <object_component id="oc-1dd">
         <name>.debug_info</name>
         <load_address>0x29b1</load_address>
         <run_address>0x29b1</run_address>
         <size>0x111</size>
         <input_file_ref idref="fl-2"/>
      </object_component>
      <object_component id="oc-1e3">
         <name>.debug_info</name>
         <load_address>0x2ac2</load_address>
         <run_address>0x2ac2</run_address>
         <size>0x111</size>
         <input_file_ref idref="fl-2"/>
      </object_component>
      <object_component id="oc-27b">
         <name>.debug_info</name>
         <load_address>0x2bd3</load_address>
         <run_address>0x2bd3</run_address>
         <size>0x1a2</size>
         <input_file_ref idref="fl-2"/>
      </object_component>
      <object_component id="oc-15c">
         <name>.debug_info</name>
         <load_address>0x2d75</load_address>
         <run_address>0x2d75</run_address>
         <size>0x139</size>
         <input_file_ref idref="fl-2"/>
      </object_component>
      <object_component id="oc-239">
         <name>.debug_info</name>
         <load_address>0x2eae</load_address>
         <run_address>0x2eae</run_address>
         <size>0x13f</size>
         <input_file_ref idref="fl-2"/>
      </object_component>
      <object_component id="oc-242">
         <name>.debug_info</name>
         <load_address>0x2fed</load_address>
         <run_address>0x2fed</run_address>
         <size>0x171</size>
         <input_file_ref idref="fl-2"/>
      </object_component>
      <object_component id="oc-1a5">
         <name>.debug_info</name>
         <load_address>0x315e</load_address>
         <run_address>0x315e</run_address>
         <size>0x128</size>
         <input_file_ref idref="fl-2"/>
      </object_component>
      <object_component id="oc-1ab">
         <name>.debug_info</name>
         <load_address>0x3286</load_address>
         <run_address>0x3286</run_address>
         <size>0x12b</size>
         <input_file_ref idref="fl-2"/>
      </object_component>
      <object_component id="oc-259">
         <name>.debug_info</name>
         <load_address>0x33b1</load_address>
         <run_address>0x33b1</run_address>
         <size>0x134</size>
         <input_file_ref idref="fl-2"/>
      </object_component>
      <object_component id="oc-25f">
         <name>.debug_info</name>
         <load_address>0x34e5</load_address>
         <run_address>0x34e5</run_address>
         <size>0x160</size>
         <input_file_ref idref="fl-2"/>
      </object_component>
      <object_component id="oc-1b1">
         <name>.debug_info</name>
         <load_address>0x3645</load_address>
         <run_address>0x3645</run_address>
         <size>0x21b</size>
         <input_file_ref idref="fl-2"/>
      </object_component>
      <object_component id="oc-2b7">
         <name>.debug_info</name>
         <load_address>0x3860</load_address>
         <run_address>0x3860</run_address>
         <size>0x1a5</size>
         <input_file_ref idref="fl-2"/>
      </object_component>
      <object_component id="oc-1e9">
         <name>.debug_info</name>
         <load_address>0x3a05</load_address>
         <run_address>0x3a05</run_address>
         <size>0x160</size>
         <input_file_ref idref="fl-2"/>
      </object_component>
      <object_component id="oc-174">
         <name>.debug_info</name>
         <load_address>0x3b65</load_address>
         <run_address>0x3b65</run_address>
         <size>0x172</size>
         <input_file_ref idref="fl-2"/>
      </object_component>
      <object_component id="oc-1b7">
         <name>.debug_info</name>
         <load_address>0x3cd7</load_address>
         <run_address>0x3cd7</run_address>
         <size>0x2af</size>
         <input_file_ref idref="fl-2"/>
      </object_component>
      <object_component id="oc-2a9">
         <name>.debug_info</name>
         <load_address>0x3f86</load_address>
         <run_address>0x3f86</run_address>
         <size>0x1ea</size>
         <input_file_ref idref="fl-2"/>
      </object_component>
      <object_component id="oc-1bd">
         <name>.debug_info</name>
         <load_address>0x4170</load_address>
         <run_address>0x4170</run_address>
         <size>0x201</size>
         <input_file_ref idref="fl-2"/>
      </object_component>
      <object_component id="oc-14d">
         <name>.debug_info</name>
         <load_address>0x4371</load_address>
         <run_address>0x4371</run_address>
         <size>0x1a7</size>
         <input_file_ref idref="fl-2"/>
      </object_component>
      <object_component id="oc-e2">
         <name>.debug_info</name>
         <load_address>0x4518</load_address>
         <run_address>0x4518</run_address>
         <size>0x14e</size>
         <input_file_ref idref="fl-2"/>
      </object_component>
      <object_component id="oc-e8">
         <name>.debug_info</name>
         <load_address>0x4666</load_address>
         <run_address>0x4666</run_address>
         <size>0x174</size>
         <input_file_ref idref="fl-2"/>
      </object_component>
      <object_component id="oc-230">
         <name>.debug_info</name>
         <load_address>0x47da</load_address>
         <run_address>0x47da</run_address>
         <size>0x26b</size>
         <input_file_ref idref="fl-2"/>
      </object_component>
      <object_component id="oc-19a">
         <name>.debug_info</name>
         <load_address>0x4a45</load_address>
         <run_address>0x4a45</run_address>
         <size>0xd5</size>
         <input_file_ref idref="fl-2"/>
      </object_component>
      <object_component id="oc-ca">
         <name>.debug_info</name>
         <load_address>0x4b1a</load_address>
         <run_address>0x4b1a</run_address>
         <size>0x84</size>
         <input_file_ref idref="fl-2"/>
      </object_component>
      <object_component id="oc-1c3">
         <name>.debug_info</name>
         <load_address>0x4b9e</load_address>
         <run_address>0x4b9e</run_address>
         <size>0x282</size>
         <input_file_ref idref="fl-2"/>
      </object_component>
      <object_component id="oc-153">
         <name>.debug_info</name>
         <load_address>0x4e20</load_address>
         <run_address>0x4e20</run_address>
         <size>0xbb</size>
         <input_file_ref idref="fl-2"/>
      </object_component>
      <object_component id="oc-c2">
         <name>.debug_info</name>
         <load_address>0x4edb</load_address>
         <run_address>0x4edb</run_address>
         <size>0x12e</size>
         <input_file_ref idref="fl-1d"/>
      </object_component>
      <object_component id="oc-de">
         <name>.debug_info</name>
         <load_address>0x5009</load_address>
         <run_address>0x5009</run_address>
         <size>0x10f</size>
         <input_file_ref idref="fl-29"/>
      </object_component>
      <object_component id="oc-b2">
         <name>.debug_info</name>
         <load_address>0x5118</load_address>
         <run_address>0x5118</run_address>
         <size>0x100</size>
         <input_file_ref idref="fl-2a"/>
      </object_component>
      <object_component id="oc-100">
         <name>.debug_info</name>
         <load_address>0x5218</load_address>
         <run_address>0x5218</run_address>
         <size>0x17a</size>
         <input_file_ref idref="fl-2a"/>
      </object_component>
      <object_component id="oc-2d9">
         <name>.debug_info</name>
         <load_address>0x5392</load_address>
         <run_address>0x5392</run_address>
         <size>0x3de</size>
         <input_file_ref idref="fl-2b"/>
      </object_component>
      <object_component id="oc-1fe">
         <name>.debug_info</name>
         <load_address>0x5770</load_address>
         <run_address>0x5770</run_address>
         <size>0x1e0</size>
         <input_file_ref idref="fl-2b"/>
      </object_component>
      <object_component id="oc-34e">
         <name>.debug_info</name>
         <load_address>0x5950</load_address>
         <run_address>0x5950</run_address>
         <size>0x39</size>
         <input_file_ref idref="fl-2b"/>
      </object_component>
      <object_component id="oc-35f">
         <name>.debug_info</name>
         <load_address>0x5989</load_address>
         <run_address>0x5989</run_address>
         <size>0x2c</size>
         <input_file_ref idref="fl-2b"/>
      </object_component>
      <object_component id="oc-2e4">
         <name>.debug_info</name>
         <load_address>0x59b5</load_address>
         <run_address>0x59b5</run_address>
         <size>0x2c</size>
         <input_file_ref idref="fl-2b"/>
      </object_component>
      <object_component id="oc-353">
         <name>.debug_info</name>
         <load_address>0x59e1</load_address>
         <run_address>0x59e1</run_address>
         <size>0xcd</size>
         <input_file_ref idref="fl-2b"/>
      </object_component>
      <object_component id="oc-136">
         <name>.debug_info</name>
         <load_address>0x5aae</load_address>
         <run_address>0x5aae</run_address>
         <size>0x2c</size>
         <input_file_ref idref="fl-2c"/>
      </object_component>
      <object_component id="oc-170">
         <name>.debug_info</name>
         <load_address>0x5ada</load_address>
         <run_address>0x5ada</run_address>
         <size>0x153</size>
         <input_file_ref idref="fl-2f"/>
      </object_component>
      <object_component id="oc-2d5">
         <name>.debug_info</name>
         <load_address>0x5c2d</load_address>
         <run_address>0x5c2d</run_address>
         <size>0x150</size>
         <input_file_ref idref="fl-30"/>
      </object_component>
      <object_component id="oc-db">
         <name>.debug_info</name>
         <load_address>0x5d7d</load_address>
         <run_address>0x5d7d</run_address>
         <size>0x180</size>
         <input_file_ref idref="fl-31"/>
      </object_component>
      <object_component id="oc-3b">
         <name>.debug_info</name>
         <load_address>0x5efd</load_address>
         <run_address>0x5efd</run_address>
         <size>0x1ea</size>
         <input_file_ref idref="fl-31"/>
      </object_component>
      <object_component id="oc-d6">
         <name>.debug_info</name>
         <load_address>0x60e7</load_address>
         <run_address>0x60e7</run_address>
         <size>0x46</size>
         <input_file_ref idref="fl-31"/>
      </object_component>
      <object_component id="oc-13b">
         <name>.debug_info</name>
         <load_address>0x612d</load_address>
         <run_address>0x612d</run_address>
         <size>0x2c</size>
         <input_file_ref idref="fl-31"/>
      </object_component>
      <object_component id="oc-133">
         <name>.debug_info</name>
         <load_address>0x6159</load_address>
         <run_address>0x6159</run_address>
         <size>0x176</size>
         <input_file_ref idref="fl-32"/>
      </object_component>
      <object_component id="oc-36">
         <name>.debug_info</name>
         <load_address>0x62cf</load_address>
         <run_address>0x62cf</run_address>
         <size>0x292</size>
         <input_file_ref idref="fl-32"/>
      </object_component>
      <object_component id="oc-c5">
         <name>.debug_info</name>
         <load_address>0x6561</load_address>
         <run_address>0x6561</run_address>
         <size>0x60</size>
         <input_file_ref idref="fl-32"/>
      </object_component>
      <object_component id="oc-18f">
         <name>.debug_info</name>
         <load_address>0x65c1</load_address>
         <run_address>0x65c1</run_address>
         <size>0x46</size>
         <input_file_ref idref="fl-32"/>
      </object_component>
      <object_component id="oc-12e">
         <name>.debug_info</name>
         <load_address>0x6607</load_address>
         <run_address>0x6607</run_address>
         <size>0x39</size>
         <input_file_ref idref="fl-32"/>
      </object_component>
      <object_component id="oc-1f2">
         <name>.debug_info</name>
         <load_address>0x6640</load_address>
         <run_address>0x6640</run_address>
         <size>0x122</size>
         <input_file_ref idref="fl-33"/>
      </object_component>
      <object_component id="oc-135">
         <name>.debug_info</name>
         <load_address>0x6762</load_address>
         <run_address>0x6762</run_address>
         <size>0x181</size>
         <input_file_ref idref="fl-36"/>
      </object_component>
      <object_component id="oc-d2">
         <name>.debug_info</name>
         <load_address>0x68e3</load_address>
         <run_address>0x68e3</run_address>
         <size>0x17a</size>
         <input_file_ref idref="fl-36"/>
      </object_component>
      <object_component id="oc-b6">
         <name>.debug_info</name>
         <load_address>0x6a5d</load_address>
         <run_address>0x6a5d</run_address>
         <size>0x120</size>
         <input_file_ref idref="fl-37"/>
      </object_component>
      <object_component id="oc-bb">
         <name>.debug_info</name>
         <load_address>0x6b7d</load_address>
         <run_address>0x6b7d</run_address>
         <size>0x120</size>
         <input_file_ref idref="fl-38"/>
      </object_component>
      <object_component id="oc-3b6">
         <name>.debug_info</name>
         <load_address>0x6c9d</load_address>
         <run_address>0x6c9d</run_address>
         <size>0xb5</size>
      </object_component>
      <object_component id="oc-22f">
         <name>.debug_line</name>
         <load_address>0x0</load_address>
         <run_address>0x0</run_address>
         <size>0x5b</size>
         <input_file_ref idref="fl-2"/>
      </object_component>
      <object_component id="oc-199">
         <name>.debug_line</name>
         <load_address>0x5b</load_address>
         <run_address>0x5b</run_address>
         <size>0x2d</size>
         <input_file_ref idref="fl-2"/>
      </object_component>
      <object_component id="oc-2f4">
         <name>.debug_line</name>
         <load_address>0x88</load_address>
         <run_address>0x88</run_address>
         <size>0x2d</size>
         <input_file_ref idref="fl-2"/>
      </object_component>
      <object_component id="oc-2fa">
         <name>.debug_line</name>
         <load_address>0xb5</load_address>
         <run_address>0xb5</run_address>
         <size>0x2d</size>
         <input_file_ref idref="fl-2"/>
      </object_component>
      <object_component id="oc-365">
         <name>.debug_line</name>
         <load_address>0xe2</load_address>
         <run_address>0xe2</run_address>
         <size>0x2d</size>
         <input_file_ref idref="fl-2"/>
      </object_component>
      <object_component id="oc-315">
         <name>.debug_line</name>
         <load_address>0x10f</load_address>
         <run_address>0x10f</run_address>
         <size>0x2d</size>
         <input_file_ref idref="fl-2"/>
      </object_component>
      <object_component id="oc-318">
         <name>.debug_line</name>
         <load_address>0x13c</load_address>
         <run_address>0x13c</run_address>
         <size>0x2d</size>
         <input_file_ref idref="fl-2"/>
      </object_component>
      <object_component id="oc-31a">
         <name>.debug_line</name>
         <load_address>0x169</load_address>
         <run_address>0x169</run_address>
         <size>0x2d</size>
         <input_file_ref idref="fl-2"/>
      </object_component>
      <object_component id="oc-31c">
         <name>.debug_line</name>
         <load_address>0x196</load_address>
         <run_address>0x196</run_address>
         <size>0x2d</size>
         <input_file_ref idref="fl-2"/>
      </object_component>
      <object_component id="oc-31e">
         <name>.debug_line</name>
         <load_address>0x1c3</load_address>
         <run_address>0x1c3</run_address>
         <size>0x2d</size>
         <input_file_ref idref="fl-2"/>
      </object_component>
      <object_component id="oc-322">
         <name>.debug_line</name>
         <load_address>0x1f0</load_address>
         <run_address>0x1f0</run_address>
         <size>0x2d</size>
         <input_file_ref idref="fl-2"/>
      </object_component>
      <object_component id="oc-326">
         <name>.debug_line</name>
         <load_address>0x21d</load_address>
         <run_address>0x21d</run_address>
         <size>0x2d</size>
         <input_file_ref idref="fl-2"/>
      </object_component>
      <object_component id="oc-32a">
         <name>.debug_line</name>
         <load_address>0x24a</load_address>
         <run_address>0x24a</run_address>
         <size>0x2d</size>
         <input_file_ref idref="fl-2"/>
      </object_component>
      <object_component id="oc-330">
         <name>.debug_line</name>
         <load_address>0x277</load_address>
         <run_address>0x277</run_address>
         <size>0x2d</size>
         <input_file_ref idref="fl-2"/>
      </object_component>
      <object_component id="oc-333">
         <name>.debug_line</name>
         <load_address>0x2a4</load_address>
         <run_address>0x2a4</run_address>
         <size>0x2d</size>
         <input_file_ref idref="fl-2"/>
      </object_component>
      <object_component id="oc-336">
         <name>.debug_line</name>
         <load_address>0x2d1</load_address>
         <run_address>0x2d1</run_address>
         <size>0x2d</size>
         <input_file_ref idref="fl-2"/>
      </object_component>
      <object_component id="oc-309">
         <name>.debug_line</name>
         <load_address>0x2fe</load_address>
         <run_address>0x2fe</run_address>
         <size>0x2d</size>
         <input_file_ref idref="fl-2"/>
      </object_component>
      <object_component id="oc-2f7">
         <name>.debug_line</name>
         <load_address>0x32b</load_address>
         <run_address>0x32b</run_address>
         <size>0x2d</size>
         <input_file_ref idref="fl-2"/>
      </object_component>
      <object_component id="oc-2fc">
         <name>.debug_line</name>
         <load_address>0x358</load_address>
         <run_address>0x358</run_address>
         <size>0x2d</size>
         <input_file_ref idref="fl-2"/>
      </object_component>
      <object_component id="oc-32c">
         <name>.debug_line</name>
         <load_address>0x385</load_address>
         <run_address>0x385</run_address>
         <size>0x2d</size>
         <input_file_ref idref="fl-2"/>
      </object_component>
      <object_component id="oc-2fe">
         <name>.debug_line</name>
         <load_address>0x3b2</load_address>
         <run_address>0x3b2</run_address>
         <size>0x2d</size>
         <input_file_ref idref="fl-2"/>
      </object_component>
      <object_component id="oc-300">
         <name>.debug_line</name>
         <load_address>0x3df</load_address>
         <run_address>0x3df</run_address>
         <size>0x2d</size>
         <input_file_ref idref="fl-2"/>
      </object_component>
      <object_component id="oc-313">
         <name>.debug_line</name>
         <load_address>0x40c</load_address>
         <run_address>0x40c</run_address>
         <size>0x2d</size>
         <input_file_ref idref="fl-2"/>
      </object_component>
      <object_component id="oc-302">
         <name>.debug_line</name>
         <load_address>0x439</load_address>
         <run_address>0x439</run_address>
         <size>0x2d</size>
         <input_file_ref idref="fl-2"/>
      </object_component>
      <object_component id="oc-30b">
         <name>.debug_line</name>
         <load_address>0x466</load_address>
         <run_address>0x466</run_address>
         <size>0x2d</size>
         <input_file_ref idref="fl-2"/>
      </object_component>
      <object_component id="oc-30d">
         <name>.debug_line</name>
         <load_address>0x493</load_address>
         <run_address>0x493</run_address>
         <size>0x2d</size>
         <input_file_ref idref="fl-2"/>
      </object_component>
      <object_component id="oc-30f">
         <name>.debug_line</name>
         <load_address>0x4c0</load_address>
         <run_address>0x4c0</run_address>
         <size>0x2d</size>
         <input_file_ref idref="fl-2"/>
      </object_component>
      <object_component id="oc-311">
         <name>.debug_line</name>
         <load_address>0x4ed</load_address>
         <run_address>0x4ed</run_address>
         <size>0x2d</size>
         <input_file_ref idref="fl-2"/>
      </object_component>
      <object_component id="oc-320">
         <name>.debug_line</name>
         <load_address>0x51a</load_address>
         <run_address>0x51a</run_address>
         <size>0x2d</size>
         <input_file_ref idref="fl-2"/>
      </object_component>
      <object_component id="oc-324">
         <name>.debug_line</name>
         <load_address>0x547</load_address>
         <run_address>0x547</run_address>
         <size>0x2d</size>
         <input_file_ref idref="fl-2"/>
      </object_component>
      <object_component id="oc-328">
         <name>.debug_line</name>
         <load_address>0x574</load_address>
         <run_address>0x574</run_address>
         <size>0x2d</size>
         <input_file_ref idref="fl-2"/>
      </object_component>
      <object_component id="oc-32e">
         <name>.debug_line</name>
         <load_address>0x5a1</load_address>
         <run_address>0x5a1</run_address>
         <size>0x2d</size>
         <input_file_ref idref="fl-2"/>
      </object_component>
      <object_component id="oc-1c9">
         <name>.debug_line</name>
         <load_address>0x5ce</load_address>
         <run_address>0x5ce</run_address>
         <size>0x2d</size>
         <input_file_ref idref="fl-2"/>
      </object_component>
      <object_component id="oc-1cc">
         <name>.debug_line</name>
         <load_address>0x5fb</load_address>
         <run_address>0x5fb</run_address>
         <size>0x2d</size>
         <input_file_ref idref="fl-2"/>
      </object_component>
      <object_component id="oc-1a3">
         <name>.debug_line</name>
         <load_address>0x628</load_address>
         <run_address>0x628</run_address>
         <size>0x2d</size>
         <input_file_ref idref="fl-2"/>
      </object_component>
      <object_component id="oc-1a0">
         <name>.debug_line</name>
         <load_address>0x655</load_address>
         <run_address>0x655</run_address>
         <size>0x2d</size>
         <input_file_ref idref="fl-2"/>
      </object_component>
      <object_component id="oc-1d4">
         <name>.debug_line</name>
         <load_address>0x682</load_address>
         <run_address>0x682</run_address>
         <size>0x49</size>
         <input_file_ref idref="fl-2"/>
      </object_component>
      <object_component id="oc-1da">
         <name>.debug_line</name>
         <load_address>0x6cb</load_address>
         <run_address>0x6cb</run_address>
         <size>0x4c</size>
         <input_file_ref idref="fl-2"/>
      </object_component>
      <object_component id="oc-1e1">
         <name>.debug_line</name>
         <load_address>0x717</load_address>
         <run_address>0x717</run_address>
         <size>0x4c</size>
         <input_file_ref idref="fl-2"/>
      </object_component>
      <object_component id="oc-1e7">
         <name>.debug_line</name>
         <load_address>0x763</load_address>
         <run_address>0x763</run_address>
         <size>0x49</size>
         <input_file_ref idref="fl-2"/>
      </object_component>
      <object_component id="oc-27f">
         <name>.debug_line</name>
         <load_address>0x7ac</load_address>
         <run_address>0x7ac</run_address>
         <size>0x4c</size>
         <input_file_ref idref="fl-2"/>
      </object_component>
      <object_component id="oc-15f">
         <name>.debug_line</name>
         <load_address>0x7f8</load_address>
         <run_address>0x7f8</run_address>
         <size>0x46</size>
         <input_file_ref idref="fl-2"/>
      </object_component>
      <object_component id="oc-23c">
         <name>.debug_line</name>
         <load_address>0x83e</load_address>
         <run_address>0x83e</run_address>
         <size>0x52</size>
         <input_file_ref idref="fl-2"/>
      </object_component>
      <object_component id="oc-246">
         <name>.debug_line</name>
         <load_address>0x890</load_address>
         <run_address>0x890</run_address>
         <size>0x4e</size>
         <input_file_ref idref="fl-2"/>
      </object_component>
      <object_component id="oc-1a8">
         <name>.debug_line</name>
         <load_address>0x8de</load_address>
         <run_address>0x8de</run_address>
         <size>0x4b</size>
         <input_file_ref idref="fl-2"/>
      </object_component>
      <object_component id="oc-1af">
         <name>.debug_line</name>
         <load_address>0x929</load_address>
         <run_address>0x929</run_address>
         <size>0x44</size>
         <input_file_ref idref="fl-2"/>
      </object_component>
      <object_component id="oc-25c">
         <name>.debug_line</name>
         <load_address>0x96d</load_address>
         <run_address>0x96d</run_address>
         <size>0x4e</size>
         <input_file_ref idref="fl-2"/>
      </object_component>
      <object_component id="oc-263">
         <name>.debug_line</name>
         <load_address>0x9bb</load_address>
         <run_address>0x9bb</run_address>
         <size>0x4c</size>
         <input_file_ref idref="fl-2"/>
      </object_component>
      <object_component id="oc-1b4">
         <name>.debug_line</name>
         <load_address>0xa07</load_address>
         <run_address>0xa07</run_address>
         <size>0x74</size>
         <input_file_ref idref="fl-2"/>
      </object_component>
      <object_component id="oc-2ba">
         <name>.debug_line</name>
         <load_address>0xa7b</load_address>
         <run_address>0xa7b</run_address>
         <size>0x52</size>
         <input_file_ref idref="fl-2"/>
      </object_component>
      <object_component id="oc-1ec">
         <name>.debug_line</name>
         <load_address>0xacd</load_address>
         <run_address>0xacd</run_address>
         <size>0x48</size>
         <input_file_ref idref="fl-2"/>
      </object_component>
      <object_component id="oc-177">
         <name>.debug_line</name>
         <load_address>0xb15</load_address>
         <run_address>0xb15</run_address>
         <size>0x52</size>
         <input_file_ref idref="fl-2"/>
      </object_component>
      <object_component id="oc-1bb">
         <name>.debug_line</name>
         <load_address>0xb67</load_address>
         <run_address>0xb67</run_address>
         <size>0x6d</size>
         <input_file_ref idref="fl-2"/>
      </object_component>
      <object_component id="oc-2ad">
         <name>.debug_line</name>
         <load_address>0xbd4</load_address>
         <run_address>0xbd4</run_address>
         <size>0x4c</size>
         <input_file_ref idref="fl-2"/>
      </object_component>
      <object_component id="oc-1c1">
         <name>.debug_line</name>
         <load_address>0xc20</load_address>
         <run_address>0xc20</run_address>
         <size>0x4c</size>
         <input_file_ref idref="fl-2"/>
      </object_component>
      <object_component id="oc-150">
         <name>.debug_line</name>
         <load_address>0xc6c</load_address>
         <run_address>0xc6c</run_address>
         <size>0x61</size>
         <input_file_ref idref="fl-2"/>
      </object_component>
      <object_component id="oc-e5">
         <name>.debug_line</name>
         <load_address>0xccd</load_address>
         <run_address>0xccd</run_address>
         <size>0x76</size>
         <input_file_ref idref="fl-2"/>
      </object_component>
      <object_component id="oc-ec">
         <name>.debug_line</name>
         <load_address>0xd43</load_address>
         <run_address>0xd43</run_address>
         <size>0x8d</size>
         <input_file_ref idref="fl-2"/>
      </object_component>
      <object_component id="oc-233">
         <name>.debug_line</name>
         <load_address>0xdd0</load_address>
         <run_address>0xdd0</run_address>
         <size>0x72</size>
         <input_file_ref idref="fl-2"/>
      </object_component>
      <object_component id="oc-19d">
         <name>.debug_line</name>
         <load_address>0xe42</load_address>
         <run_address>0xe42</run_address>
         <size>0x2d</size>
         <input_file_ref idref="fl-2"/>
      </object_component>
      <object_component id="oc-cd">
         <name>.debug_line</name>
         <load_address>0xe6f</load_address>
         <run_address>0xe6f</run_address>
         <size>0x20</size>
         <input_file_ref idref="fl-2"/>
      </object_component>
      <object_component id="oc-1c6">
         <name>.debug_line</name>
         <load_address>0xe8f</load_address>
         <run_address>0xe8f</run_address>
         <size>0x76</size>
         <input_file_ref idref="fl-2"/>
      </object_component>
      <object_component id="oc-156">
         <name>.debug_line</name>
         <load_address>0xf05</load_address>
         <run_address>0xf05</run_address>
         <size>0x73</size>
         <input_file_ref idref="fl-2"/>
      </object_component>
      <object_component id="oc-c0">
         <name>.debug_line</name>
         <load_address>0xf78</load_address>
         <run_address>0xf78</run_address>
         <size>0x40</size>
         <input_file_ref idref="fl-1d"/>
      </object_component>
      <object_component id="oc-dd">
         <name>.debug_line</name>
         <load_address>0xfb8</load_address>
         <run_address>0xfb8</run_address>
         <size>0x3d</size>
         <input_file_ref idref="fl-29"/>
      </object_component>
      <object_component id="oc-12a">
         <name>.debug_line</name>
         <load_address>0xff5</load_address>
         <run_address>0xff5</run_address>
         <size>0x2a</size>
         <input_file_ref idref="fl-2a"/>
      </object_component>
      <object_component id="oc-103">
         <name>.debug_line</name>
         <load_address>0x101f</load_address>
         <run_address>0x101f</run_address>
         <size>0x46</size>
         <input_file_ref idref="fl-2a"/>
      </object_component>
      <object_component id="oc-34d">
         <name>.debug_line</name>
         <load_address>0x1065</load_address>
         <run_address>0x1065</run_address>
         <size>0xbf</size>
         <input_file_ref idref="fl-2b"/>
      </object_component>
      <object_component id="oc-1fd">
         <name>.debug_line</name>
         <load_address>0x1124</load_address>
         <run_address>0x1124</run_address>
         <size>0x73</size>
         <input_file_ref idref="fl-2b"/>
      </object_component>
      <object_component id="oc-351">
         <name>.debug_line</name>
         <load_address>0x1197</load_address>
         <run_address>0x1197</run_address>
         <size>0x2e</size>
         <input_file_ref idref="fl-2b"/>
      </object_component>
      <object_component id="oc-362">
         <name>.debug_line</name>
         <load_address>0x11c5</load_address>
         <run_address>0x11c5</run_address>
         <size>0x9a</size>
         <input_file_ref idref="fl-2b"/>
      </object_component>
      <object_component id="oc-2e7">
         <name>.debug_line</name>
         <load_address>0x125f</load_address>
         <run_address>0x125f</run_address>
         <size>0x97</size>
         <input_file_ref idref="fl-2b"/>
      </object_component>
      <object_component id="oc-356">
         <name>.debug_line</name>
         <load_address>0x12f6</load_address>
         <run_address>0x12f6</run_address>
         <size>0x93</size>
         <input_file_ref idref="fl-2b"/>
      </object_component>
      <object_component id="oc-139">
         <name>.debug_line</name>
         <load_address>0x1389</load_address>
         <run_address>0x1389</run_address>
         <size>0x92</size>
         <input_file_ref idref="fl-2c"/>
      </object_component>
      <object_component id="oc-172">
         <name>.debug_line</name>
         <load_address>0x141b</load_address>
         <run_address>0x141b</run_address>
         <size>0x3e</size>
         <input_file_ref idref="fl-2f"/>
      </object_component>
      <object_component id="oc-2d7">
         <name>.debug_line</name>
         <load_address>0x1459</load_address>
         <run_address>0x1459</run_address>
         <size>0x3a</size>
         <input_file_ref idref="fl-30"/>
      </object_component>
      <object_component id="oc-141">
         <name>.debug_line</name>
         <load_address>0x1493</load_address>
         <run_address>0x1493</run_address>
         <size>0x20</size>
         <input_file_ref idref="fl-31"/>
      </object_component>
      <object_component id="oc-3e">
         <name>.debug_line</name>
         <load_address>0x14b3</load_address>
         <run_address>0x14b3</run_address>
         <size>0x50</size>
         <input_file_ref idref="fl-31"/>
      </object_component>
      <object_component id="oc-d9">
         <name>.debug_line</name>
         <load_address>0x1503</load_address>
         <run_address>0x1503</run_address>
         <size>0x3a</size>
         <input_file_ref idref="fl-31"/>
      </object_component>
      <object_component id="oc-13e">
         <name>.debug_line</name>
         <load_address>0x153d</load_address>
         <run_address>0x153d</run_address>
         <size>0x92</size>
         <input_file_ref idref="fl-31"/>
      </object_component>
      <object_component id="oc-195">
         <name>.debug_line</name>
         <load_address>0x15cf</load_address>
         <run_address>0x15cf</run_address>
         <size>0x20</size>
         <input_file_ref idref="fl-32"/>
      </object_component>
      <object_component id="oc-39">
         <name>.debug_line</name>
         <load_address>0x15ef</load_address>
         <run_address>0x15ef</run_address>
         <size>0x92</size>
         <input_file_ref idref="fl-32"/>
      </object_component>
      <object_component id="oc-c8">
         <name>.debug_line</name>
         <load_address>0x1681</load_address>
         <run_address>0x1681</run_address>
         <size>0x3a</size>
         <input_file_ref idref="fl-32"/>
      </object_component>
      <object_component id="oc-192">
         <name>.debug_line</name>
         <load_address>0x16bb</load_address>
         <run_address>0x16bb</run_address>
         <size>0x9a</size>
         <input_file_ref idref="fl-32"/>
      </object_component>
      <object_component id="oc-131">
         <name>.debug_line</name>
         <load_address>0x1755</load_address>
         <run_address>0x1755</run_address>
         <size>0x96</size>
         <input_file_ref idref="fl-32"/>
      </object_component>
      <object_component id="oc-1f1">
         <name>.debug_line</name>
         <load_address>0x17eb</load_address>
         <run_address>0x17eb</run_address>
         <size>0x3d</size>
         <input_file_ref idref="fl-33"/>
      </object_component>
      <object_component id="oc-197">
         <name>.debug_line</name>
         <load_address>0x1828</load_address>
         <run_address>0x1828</run_address>
         <size>0x20</size>
         <input_file_ref idref="fl-36"/>
      </object_component>
      <object_component id="oc-d4">
         <name>.debug_line</name>
         <load_address>0x1848</load_address>
         <run_address>0x1848</run_address>
         <size>0x42</size>
         <input_file_ref idref="fl-36"/>
      </object_component>
      <object_component id="oc-b9">
         <name>.debug_line</name>
         <load_address>0x188a</load_address>
         <run_address>0x188a</run_address>
         <size>0x4e</size>
         <input_file_ref idref="fl-37"/>
      </object_component>
      <object_component id="oc-be">
         <name>.debug_line</name>
         <load_address>0x18d8</load_address>
         <run_address>0x18d8</run_address>
         <size>0x5e</size>
         <input_file_ref idref="fl-38"/>
      </object_component>
      <object_component id="oc-1d5">
         <name>.debug_frame</name>
         <load_address>0x0</load_address>
         <run_address>0x0</run_address>
         <size>0x3c</size>
         <input_file_ref idref="fl-2"/>
      </object_component>
      <object_component id="oc-1db">
         <name>.debug_frame</name>
         <load_address>0x3c</load_address>
         <run_address>0x3c</run_address>
         <size>0x3c</size>
         <input_file_ref idref="fl-2"/>
      </object_component>
      <object_component id="oc-1e0">
         <name>.debug_frame</name>
         <load_address>0x78</load_address>
         <run_address>0x78</run_address>
         <size>0x3c</size>
         <input_file_ref idref="fl-2"/>
      </object_component>
      <object_component id="oc-1e6">
         <name>.debug_frame</name>
         <load_address>0xb4</load_address>
         <run_address>0xb4</run_address>
         <size>0x3c</size>
         <input_file_ref idref="fl-2"/>
      </object_component>
      <object_component id="oc-27e">
         <name>.debug_frame</name>
         <load_address>0xf0</load_address>
         <run_address>0xf0</run_address>
         <size>0x44</size>
         <input_file_ref idref="fl-2"/>
      </object_component>
      <object_component id="oc-160">
         <name>.debug_frame</name>
         <load_address>0x134</load_address>
         <run_address>0x134</run_address>
         <size>0x3c</size>
         <input_file_ref idref="fl-2"/>
      </object_component>
      <object_component id="oc-23d">
         <name>.debug_frame</name>
         <load_address>0x170</load_address>
         <run_address>0x170</run_address>
         <size>0x3c</size>
         <input_file_ref idref="fl-2"/>
      </object_component>
      <object_component id="oc-245">
         <name>.debug_frame</name>
[...]
         <name>USCIA0RX_ISR</name>
         <value>0xc3f6</value>
         <object_component_ref idref="oc-e7"/>
      </symbol>
      <symbol id="sm-241">
         <name>RData_Rx_AVDD</name>
         <value>0x28e</value>
         <object_component_ref idref="oc-295"/>
      </symbol>
      <symbol id="sm-242">
         <name>V_digital_mon</name>
         <value>0x2ba</value>
         <object_component_ref idref="oc-298"/>
      </symbol>
      <symbol id="sm-243">
         <name>BurnoutCheck</name>
         <value>0xca82</value>
         <object_component_ref idref="oc-25e"/>
      </symbol>
      <symbol id="sm-244">
         <name>En_PGA_32</name>
         <value>0x286</value>
         <object_component_ref idref="oc-24c"/>
      </symbol>
      <symbol id="sm-245">
         <name>initGPIO</name>
         <value>0xc910</value>
         <object_component_ref idref="oc-1d6"/>
      </symbol>
      <symbol id="sm-246">
         <name>MasterMode</name>
         <value>0x22a</value>
         <object_component_ref idref="oc-143"/>
      </symbol>
      <symbol id="sm-247">
         <name>SlaveMode</name>
         <value>0x230</value>
         <object_component_ref idref="oc-143"/>
      </symbol>
      <symbol id="sm-248">
         <name>Status_bitfield</name>
         <value>0x256</value>
         <object_component_ref idref="oc-264"/>
      </symbol>
      <symbol id="sm-249">
         <name>Burnout_Off</name>
         <value>0x25e</value>
         <object_component_ref idref="oc-273"/>
      </symbol>
      <symbol id="sm-24a">
         <name>i2cTXByteCtr</name>
         <value>0x235</value>
         <object_component_ref idref="oc-143"/>
      </symbol>
      <symbol id="sm-24b">
         <name>RData_Tx</name>
         <value>0x2be</value>
         <object_component_ref idref="oc-303"/>
      </symbol>
      <symbol id="sm-24c">
         <name>started</name>
         <value>0x229</value>
         <object_component_ref idref="oc-143"/>
      </symbol>
      <symbol id="sm-24d">
         <name>CopyArray</name>
         <value>0xca9e</value>
         <object_component_ref idref="oc-27a"/>
      </symbol>
      <symbol id="sm-24e">
         <name>RDATA</name>
         <value>0xc73e</value>
         <object_component_ref idref="oc-258"/>
      </symbol>
      <symbol id="sm-24f">
         <name>RREG</name>
         <value>0xc792</value>
         <object_component_ref idref="oc-2b6"/>
      </symbol>
      <symbol id="sm-250">
         <name>I2C_Slave_ProcessCMD</name>
         <value>0xc6e2</value>
         <object_component_ref idref="oc-14c"/>
      </symbol>
      <symbol id="sm-251">
         <name>initSPI</name>
         <value>0xc948</value>
         <object_component_ref idref="oc-1dc"/>
      </symbol>
      <symbol id="sm-252">
         <name>ReadADCData</name>
         <value>0xc000</value>
         <object_component_ref idref="oc-1b6"/>
      </symbol>
      <symbol id="sm-253">
         <name>i2cTransmitIndex</name>
         <value>0x236</value>
         <object_component_ref idref="oc-143"/>
      </symbol>
      <symbol id="sm-254">
         <name>TransmitBuffer</name>
         <value>0x24c</value>
         <object_component_ref idref="oc-161"/>
      </symbol>
      <symbol id="sm-255">
         <name>Chop_Mode_Off</name>
         <value>0x282</value>
         <object_component_ref idref="oc-24f"/>
      </symbol>
      <symbol id="sm-256">
         <name>RReg_All_Rx</name>
         <value>0x238</value>
         <object_component_ref idref="oc-2bc"/>
      </symbol>
      <symbol id="sm-257">
         <name>SendUCA0Data</name>
         <value>0xcb26</value>
         <object_component_ref idref="oc-15b"/>
      </symbol>
      <symbol id="sm-258">
         <name>WREG</name>
         <value>0xc834</value>
         <object_component_ref idref="oc-241"/>
      </symbol>
      <symbol id="sm-259">
         <name>Publish_Data</name>
         <value>0xc56e</value>
         <object_component_ref idref="oc-1bc"/>
      </symbol>
      <symbol id="sm-25a">
         <name>main</name>
         <value>0xc980</value>
         <object_component_ref idref="oc-173"/>
      </symbol>
      <symbol id="sm-25b">
         <name>i2cReceiveBuffer</name>
         <value>0x2c0</value>
         <object_component_ref idref="oc-149"/>
      </symbol>
      <symbol id="sm-25c">
         <name>TXByteCtr</name>
         <value>0x22e</value>
         <object_component_ref idref="oc-143"/>
      </symbol>
      <symbol id="sm-25d">
         <name>ReceiveIndex</name>
         <value>0x22d</value>
         <object_component_ref idref="oc-143"/>
      </symbol>
      <symbol id="sm-25e">
         <name>RReg_All_Tx</name>
         <value>0x2b2</value>
         <object_component_ref idref="oc-2b3"/>
      </symbol>
      <symbol id="sm-25f">
         <name>ADCReset</name>
         <value>0xc668</value>
         <object_component_ref idref="oc-1a4"/>
      </symbol>
      <symbol id="sm-260">
         <name>initI2C</name>
         <value>0xc9b4</value>
         <object_component_ref idref="oc-1e2"/>
      </symbol>
      <symbol id="sm-261">
         <name>ADC_Setup</name>
         <value>0x25a</value>
         <object_component_ref idref="oc-23e"/>
      </symbol>
      <symbol id="sm-262">
         <name>USCIAB0TX_ISR</name>
         <value>0xc4d2</value>
         <object_component_ref idref="oc-e1"/>
      </symbol>
      <symbol id="sm-263">
         <name>RData_Rx_Ch0</name>
         <value>0x292</value>
         <object_component_ref idref="oc-277"/>
      </symbol>
      <symbol id="sm-264">
         <name>RData_Rx_Ch1</name>
         <value>0x296</value>
         <object_component_ref idref="oc-280"/>
      </symbol>
      <symbol id="sm-265">
         <name>RData_Rx_Ch2</name>
         <value>0x29a</value>
         <object_component_ref idref="oc-283"/>
      </symbol>
      <symbol id="sm-266">
         <name>RData_Rx_Ch3</name>
         <value>0x29e</value>
         <object_component_ref idref="oc-286"/>
      </symbol>
      <symbol id="sm-267">
         <name>RData_Rx_Ch4</name>
         <value>0x2a2</value>
         <object_component_ref idref="oc-289"/>
      </symbol>
      <symbol id="sm-268">
         <name>RData_Rx_Ch5</name>
         <value>0x2a6</value>
         <object_component_ref idref="oc-28f"/>
      </symbol>
      <symbol id="sm-269">
         <name>initClockTo8MHz</name>
         <value>0xcad6</value>
         <object_component_ref idref="oc-1d0"/>
      </symbol>
      <symbol id="sm-26a">
         <name>start_cmd</name>
         <value>0x2c4</value>
         <object_component_ref idref="oc-235"/>
      </symbol>
      <symbol id="sm-26b">
         <name>i2cRXByteCtr</name>
         <value>0x233</value>
         <object_component_ref idref="oc-143"/>
      </symbol>
      <symbol id="sm-26c">
         <name>Channel_1</name>
         <value>0x26a</value>
         <object_component_ref idref="oc-267"/>
      </symbol>
      <symbol id="sm-26d">
         <name>Channel_0</name>
         <value>0x266</value>
         <object_component_ref idref="oc-255"/>
      </symbol>
      <symbol id="sm-26e">
         <name>Channel_3</name>
         <value>0x272</value>
         <object_component_ref idref="oc-26d"/>
      </symbol>
      <symbol id="sm-26f">
         <name>Channel_2</name>
         <value>0x26e</value>
         <object_component_ref idref="oc-26a"/>
      </symbol>
      <symbol id="sm-270">
         <name>Channel_5</name>
         <value>0x27a</value>
         <object_component_ref idref="oc-28c"/>
      </symbol>
      <symbol id="sm-271">
         <name>Channel_4</name>
         <value>0x276</value>
         <object_component_ref idref="oc-270"/>
      </symbol>
      <symbol id="sm-272">
         <name>Burnout_On</name>
         <value>0x262</value>
         <object_component_ref idref="oc-252"/>
      </symbol>
      <symbol id="sm-273">
         <name>BurnoutDetect</name>
         <value>0xc27a</value>
         <object_component_ref idref="oc-1b0"/>
      </symbol>
      <symbol id="sm-274">
         <name>En_PGA_4</name>
         <value>0x28a</value>
         <object_component_ref idref="oc-29e"/>
      </symbol>
      <symbol id="sm-275">
         <name>CopytoDataBuffer</name>
         <value>0xca5e</value>
         <object_component_ref idref="oc-2a8"/>
      </symbol>
      <symbol id="sm-276">
         <name>i2cTransmitBuffer</name>
         <value>0x200</value>
         <object_component_ref idref="oc-146"/>
      </symbol>
      <symbol id="sm-277">
         <name>sfocal_cmd</name>
         <value>0x2c2</value>
         <object_component_ref idref="oc-248"/>
      </symbol>
      <symbol id="sm-278">
         <name>Chip_temperature</name>
         <value>0x27e</value>
         <object_component_ref idref="oc-2a1"/>
      </symbol>
      <symbol id="sm-279">
         <name>i2cReceiveIndex</name>
         <value>0x234</value>
         <object_component_ref idref="oc-143"/>
      </symbol>
      <symbol id="sm-27a">
         <name>SelfCalibration</name>
         <value>0xca38</value>
         <object_component_ref idref="oc-1aa"/>
      </symbol>
      <symbol id="sm-27b">
         <name>RXByteCtr</name>
         <value>0x22c</value>
         <object_component_ref idref="oc-143"/>
      </symbol>
      <symbol id="sm-27c">
         <name>CMD</name>
         <value>0xc7e6</value>
         <object_component_ref idref="oc-238"/>
      </symbol>
      <symbol id="sm-285">
         <name>__mspabi_func_epilog_2</name>
         <value>0xcb20</value>
         <object_component_ref idref="oc-bf"/>
      </symbol>
      <symbol id="sm-286">
         <name>__mspabi_func_epilog_3</name>
         <value>0xcb1e</value>
         <object_component_ref idref="oc-bf"/>
      </symbol>
      <symbol id="sm-287">
         <name>__mspabi_func_epilog_1</name>
         <value>0xcb22</value>
         <object_component_ref idref="oc-bf"/>
      </symbol>
      <symbol id="sm-288">
         <name>__mspabi_func_epilog_6</name>
         <value>0xcb18</value>
         <object_component_ref idref="oc-bf"/>
      </symbol>
      <symbol id="sm-289">
         <name>__mspabi_func_epilog_7</name>
         <value>0xcb16</value>
         <object_component_ref idref="oc-bf"/>
      </symbol>
      <symbol id="sm-28a">
         <name>__mspabi_func_epilog_4</name>
         <value>0xcb1c</value>
         <object_component_ref idref="oc-bf"/>
      </symbol>
      <symbol id="sm-28b">
         <name>__mspabi_func_epilog_5</name>
         <value>0xcb1a</value>
         <object_component_ref idref="oc-bf"/>
      </symbol>
      <symbol id="sm-28e">
         <name>__TI_int00</name>
         <value>0xffe0</value>
         <object_component_ref idref="oc-40"/>
      </symbol>
      <symbol id="sm-291">
         <name>__TI_int02</name>
         <value>0xffe4</value>
         <object_component_ref idref="oc-41"/>
      </symbol>
      <symbol id="sm-294">
         <name>__TI_int03</name>
         <value>0xffe6</value>
         <object_component_ref idref="oc-42"/>
      </symbol>
      <symbol id="sm-297">
         <name>__TI_int05</name>
         <value>0xffea</value>
         <object_component_ref idref="oc-43"/>
      </symbol>
      <symbol id="sm-29a">
         <name>__TI_int08</name>
         <value>0xfff0</value>
         <object_component_ref idref="oc-46"/>
      </symbol>
      <symbol id="sm-29d">
         <name>__TI_int09</name>
         <value>0xfff2</value>
         <object_component_ref idref="oc-47"/>
      </symbol>
      <symbol id="sm-2a0">
         <name>__TI_int10</name>
         <value>0xfff4</value>
         <object_component_ref idref="oc-48"/>
      </symbol>
      <symbol id="sm-2a3">
         <name>__TI_int11</name>
         <value>0xfff6</value>
         <object_component_ref idref="oc-49"/>
      </symbol>
      <symbol id="sm-2a6">
         <name>__TI_int12</name>
         <value>0xfff8</value>
         <object_component_ref idref="oc-4a"/>
      </symbol>
      <symbol id="sm-2a9">
         <name>__TI_int13</name>
         <value>0xfffa</value>
         <object_component_ref idref="oc-4b"/>
      </symbol>
      <symbol id="sm-2ac">
         <name>__TI_int14</name>
         <value>0xfffc</value>
         <object_component_ref idref="oc-4c"/>
      </symbol>
      <symbol id="sm-2b4">
         <name>__TI_ISR_TRAP</name>
         <value>0xcb32</value>
         <object_component_ref idref="oc-dc"/>
      </symbol>
      <symbol id="sm-2c4">
         <name>_stack</name>
         <value>0x2d4</value>
         <object_component_ref idref="oc-b1"/>
      </symbol>
      <symbol id="sm-2c5">
         <name>_c_int00_noargs</name>
         <value>0xcaba</value>
         <object_component_ref idref="oc-ff"/>
      </symbol>
      <symbol id="sm-2c6">
         <name>_reset_vector</name>
         <value>0xfffe</value>
         <object_component_ref idref="oc-b4"/>
      </symbol>
      <symbol id="sm-2e8">
         <name>__TI_auto_init_nobinit_nopinit</name>
         <value>0xc8ce</value>
         <object_component_ref idref="oc-1fb"/>
      </symbol>
      <symbol id="sm-2f9">
         <name>_system_pre_init</name>
         <value>0xcb40</value>
         <object_component_ref idref="oc-16d"/>
      </symbol>
      <symbol id="sm-302">
         <name>_system_post_cinit</name>
         <value>0xcb44</value>
         <object_component_ref idref="oc-2d2"/>
      </symbol>
      <symbol id="sm-318">
         <name>__TI_decompress_none</name>
         <value>0xcaf2</value>
         <object_component_ref idref="oc-3a"/>
      </symbol>
      <symbol id="sm-33b">
         <name>__TI_decompress_lzss</name>
         <value>0xc5ec</value>
         <object_component_ref idref="oc-34"/>
      </symbol>
      <symbol id="sm-345">
         <name>C$$EXIT</name>
         <value>0xcb3a</value>
         <object_component_ref idref="oc-1ef"/>
      </symbol>
      <symbol id="sm-346">
         <name>abort</name>
         <value>0xcb3a</value>
         <object_component_ref idref="oc-1ef"/>
      </symbol>
      <symbol id="sm-356">
         <name>memcpy</name>
         <value>0xcb04</value>
         <object_component_ref idref="oc-cf"/>
      </symbol>
      <symbol id="sm-35e">
         <name>__mspabi_slli</name>
         <value>0xc9e2</value>
         <object_component_ref idref="oc-b5"/>
      </symbol>
      <symbol id="sm-35f">
         <name>__mspabi_slli_9</name>
         <value>0xc9fa</value>
         <object_component_ref idref="oc-b5"/>
      </symbol>
      <symbol id="sm-360">
         <name>__mspabi_slli_8</name>
         <value>0xc9fc</value>
         <object_component_ref idref="oc-b5"/>
      </symbol>
      <symbol id="sm-361">
         <name>__mspabi_slli_7</name>
         <value>0xc9fe</value>
         <object_component_ref idref="oc-b5"/>
      </symbol>
      <symbol id="sm-362">
         <name>__mspabi_slli_6</name>
         <value>0xca00</value>
         <object_component_ref idref="oc-b5"/>
      </symbol>
      <symbol id="sm-363">
         <name>__mspabi_slli_5</name>
         <value>0xca02</value>
         <object_component_ref idref="oc-b5"/>
      </symbol>
      <symbol id="sm-364">
         <name>__mspabi_slli_4</name>
         <value>0xca04</value>
         <object_component_ref idref="oc-b5"/>
      </symbol>
      <symbol id="sm-365">
         <name>__mspabi_slli_3</name>
         <value>0xca06</value>
         <object_component_ref idref="oc-b5"/>
      </symbol>
      <symbol id="sm-366">
         <name>__mspabi_slli_2</name>
         <value>0xca08</value>
         <object_component_ref idref="oc-b5"/>
      </symbol>
      <symbol id="sm-367">
         <name>__mspabi_slli_1</name>
         <value>0xca0a</value>
         <object_component_ref idref="oc-b5"/>
      </symbol>
      <symbol id="sm-368">
         <name>__mspabi_slli_15</name>
         <value>0xc9ee</value>
         <object_component_ref idref="oc-b5"/>
      </symbol>
      <symbol id="sm-369">
         <name>__mspabi_slli_14</name>
         <value>0xc9f0</value>
         <object_component_ref idref="oc-b5"/>
      </symbol>
      <symbol id="sm-36a">
         <name>__mspabi_slli_13</name>
         <value>0xc9f2</value>
         <object_component_ref idref="oc-b5"/>
      </symbol>
      <symbol id="sm-36b">
         <name>__mspabi_slli_12</name>
         <value>0xc9f4</value>
         <object_component_ref idref="oc-b5"/>
      </symbol>
      <symbol id="sm-36c">
         <name>__mspabi_slli_11</name>
         <value>0xc9f6</value>
         <object_component_ref idref="oc-b5"/>
      </symbol>
      <symbol id="sm-36d">
         <name>__mspabi_slli_10</name>
         <value>0xc9f8</value>
         <object_component_ref idref="oc-b5"/>
      </symbol>
      <symbol id="sm-375">
         <name>__mspabi_srli_8</name>
         <value>0xc8ac</value>
         <object_component_ref idref="oc-ba"/>
      </symbol>
      <symbol id="sm-376">
         <name>__mspabi_srli_9</name>
         <value>0xc8a8</value>
         <object_component_ref idref="oc-ba"/>
      </symbol>
      <symbol id="sm-377">
         <name>__mspabi_srli_6</name>
         <value>0xc8b4</value>
         <object_component_ref idref="oc-ba"/>
      </symbol>
      <symbol id="sm-378">
         <name>__mspabi_srli_7</name>
         <value>0xc8b0</value>
         <object_component_ref idref="oc-ba"/>
      </symbol>
      <symbol id="sm-379">
         <name>__mspabi_srli_4</name>
         <value>0xc8bc</value>
         <object_component_ref idref="oc-ba"/>
      </symbol>
      <symbol id="sm-37a">
         <name>__mspabi_srli_5</name>
         <value>0xc8b8</value>
         <object_component_ref idref="oc-ba"/>
      </symbol>
      <symbol id="sm-37b">
         <name>__mspabi_srli_2</name>
         <value>0xc8c4</value>
         <object_component_ref idref="oc-ba"/>
      </symbol>
      <symbol id="sm-37c">
         <name>__mspabi_srli_3</name>
         <value>0xc8c0</value>
         <object_component_ref idref="oc-ba"/>
      </symbol>
      <symbol id="sm-37d">
         <name>__mspabi_srli_1</name>
         <value>0xc8c8</value>
         <object_component_ref idref="oc-ba"/>
      </symbol>
      <symbol id="sm-37e">
         <name>__mspabi_srli</name>
         <value>0xc882</value>
         <object_component_ref idref="oc-ba"/>
      </symbol>
      <symbol id="sm-37f">
         <name>__mspabi_srli_15</name>
         <value>0xc890</value>
         <object_component_ref idref="oc-ba"/>
      </symbol>
      <symbol id="sm-380">
         <name>__mspabi_srli_14</name>
         <value>0xc894</value>
         <object_component_ref idref="oc-ba"/>
      </symbol>
      <symbol id="sm-381">
         <name>__mspabi_srli_13</name>
         <value>0xc898</value>
         <object_component_ref idref="oc-ba"/>
      </symbol>
      <symbol id="sm-382">
         <name>__mspabi_srli_12</name>
         <value>0xc89c</value>
         <object_component_ref idref="oc-ba"/>
      </symbol>
      <symbol id="sm-383">
         <name>__mspabi_srli_11</name>
         <value>0xc8a0</value>
         <object_component_ref idref="oc-ba"/>
      </symbol>
      <symbol id="sm-384">
         <name>__mspabi_srli_10</name>
         <value>0xc8a4</value>
         <object_component_ref idref="oc-ba"/>
      </symbol>
   </symbol_table>
   <title>Link successful</title>
</link_info>
