******************************************************************************
                  MSP430 Linker PC v20.2.1                     
******************************************************************************
>> Linked Tue Feb  2 18:32:44 2021

OUTPUT FILE NAME:   <SO_GMT_PCC_ThermalMeasurementCard.out>
ENTRY POINT SYMBOL: "_c_int00_noargs"  address: 0000caba


MEMORY CONFIGURATION

         name            origin    length      used     unused   attr    fill
----------------------  --------  ---------  --------  --------  ----  --------
  SFR                   00000000   00000010  00000000  00000010  RWIX
  PERIPHERALS_8BIT      00000010   000000f0  00000000  000000f0  RWIX
  PERIPHERALS_16BIT     00000100   00000100  00000000  00000100  RWIX
  RAM                   00000200   00000200  000001f1  0000000f  RWIX
  INFOD                 00001000   00000040  00000000  00000040  RWIX
  INFOC                 00001040   00000040  00000000  00000040  RWIX
  INFOB                 00001080   00000040  00000000  00000040  RWIX
  INFOA                 000010c0   00000040  00000000  00000040  RWIX
  FLASH                 0000c000   00003fde  00000b9e  00003440  RWIX
  BSLSIGNATURE          0000ffde   00000002  00000002  00000000  RWIX  ffff 
  INT00                 0000ffe0   00000002  00000002  00000000  RWIX
  INT01                 0000ffe2   00000002  00000000  00000002  RWIX
  INT02                 0000ffe4   00000002  00000002  00000000  RWIX
  INT03                 0000ffe6   00000002  00000002  00000000  RWIX
  INT04                 0000ffe8   00000002  00000000  00000002  RWIX
  INT05                 0000ffea   00000002  00000002  00000000  RWIX
  INT06                 0000ffec   00000002  00000002  00000000  RWIX
  INT07                 0000ffee   00000002  00000002  00000000  RWIX
  INT08                 0000fff0   00000002  00000002  00000000  RWIX
  INT09                 0000fff2   00000002  00000002  00000000  RWIX
  INT10                 0000fff4   00000002  00000002  00000000  RWIX
  INT11                 0000fff6   00000002  00000002  00000000  RWIX
  INT12                 0000fff8   00000002  00000002  00000000  RWIX
  INT13                 0000fffa   00000002  00000002  00000000  RWIX
  INT14                 0000fffc   00000002  00000002  00000000  RWIX
  RESET                 0000fffe   00000002  00000002  00000000  RWIX


SECTION ALLOCATION MAP

 output                                  attributes/
section   page    origin      length       input sections
--------  ----  ----------  ----------   ----------------
.data      0    00000200    000000c5     UNINITIALIZED
                  00000200    00000028     main.obj (.data:i2cTransmitBuffer)
                  00000228    0000000f     main.obj (.data)
                  00000237    00000001     --HOLE--
                  00000238    0000000a     main.obj (.data:RReg_All_Rx)
                  00000242    0000000a     main.obj (.data:ReceiveBuffer)
                  0000024c    0000000a     main.obj (.data:TransmitBuffer)
                  00000256    00000004     main.obj (.data:Status_bitfield)
                  0000025a    00000003     main.obj (.data:ADC_Setup)
                  0000025d    00000001     --HOLE--
                  0000025e    00000003     main.obj (.data:Burnout_Off)
                  00000261    00000001     --HOLE--
                  00000262    00000003     main.obj (.data:Burnout_On)
                  00000265    00000001     --HOLE--
                  00000266    00000003     main.obj (.data:Channel_0)
                  00000269    00000001     --HOLE--
                  0000026a    00000003     main.obj (.data:Channel_1)
                  0000026d    00000001     --HOLE--
                  0000026e    00000003     main.obj (.data:Channel_2)
                  00000271    00000001     --HOLE--
                  00000272    00000003     main.obj (.data:Channel_3)
                  00000275    00000001     --HOLE--
                  00000276    00000003     main.obj (.data:Channel_4)
                  00000279    00000001     --HOLE--
                  0000027a    00000003     main.obj (.data:Channel_5)
                  0000027d    00000001     --HOLE--
                  0000027e    00000003     main.obj (.data:Chip_temperature)
                  00000281    00000001     --HOLE--
                  00000282    00000003     main.obj (.data:Chop_Mode_Off)
                  00000285    00000001     --HOLE--
                  00000286    00000003     main.obj (.data:En_PGA_32)
                  00000289    00000001     --HOLE--
                  0000028a    00000003     main.obj (.data:En_PGA_4)
                  0000028d    00000001     --HOLE--
                  0000028e    00000003     main.obj (.data:RData_Rx_AVDD)
                  00000291    00000001     --HOLE--
                  00000292    00000003     main.obj (.data:RData_Rx_Ch0)
                  00000295    00000001     --HOLE--
                  00000296    00000003     main.obj (.data:RData_Rx_Ch1)
                  00000299    00000001     --HOLE--
                  0000029a    00000003     main.obj (.data:RData_Rx_Ch2)
                  0000029d    00000001     --HOLE--
                  0000029e    00000003     main.obj (.data:RData_Rx_Ch3)
                  000002a1    00000001     --HOLE--
                  000002a2    00000003     main.obj (.data:RData_Rx_Ch4)
                  000002a5    00000001     --HOLE--
                  000002a6    00000003     main.obj (.data:RData_Rx_Ch5)
                  000002a9    00000001     --HOLE--
                  000002aa    00000003     main.obj (.data:RData_Rx_DVDD)
                  000002ad    00000001     --HOLE--
                  000002ae    00000003     main.obj (.data:RData_Rx_Temperature)
                  000002b1    00000001     --HOLE--
                  000002b2    00000003     main.obj (.data:RReg_All_Tx)
                  000002b5    00000001     --HOLE--
                  000002b6    00000003     main.obj (.data:V_analog_mon)
                  000002b9    00000001     --HOLE--
                  000002ba    00000003     main.obj (.data:V_digital_mon)
                  000002bd    00000001     --HOLE--
                  000002be    00000002     main.obj (.data:RData_Tx)
                  000002c0    00000002     main.obj (.data:i2cReceiveBuffer)
                  000002c2    00000001     main.obj (.data:sfocal_cmd)
                  000002c3    00000001     --HOLE--
                  000002c4    00000001     main.obj (.data:start_cmd)

.stack     0    000002d4    0000012c     UNINITIALIZED
                  000002d4    00000002     rts430_eabi.lib : boot.c.obj (.stack)
                  000002d6    0000012a     --HOLE--

.text      0    0000c000    00000b46     
                  0000c000    0000027a     main.obj (.text:ReadADCData)
                  0000c27a    0000017c     main.obj (.text:BurnoutDetect)
                  0000c3f6    000000dc     main.obj (.text:USCIA0RX_ISR)
                  0000c4d2    0000009c     main.obj (.text:USCIAB0TX_ISR)
                  0000c56e    0000007e     main.obj (.text:Publish_Data)
                  0000c5ec    0000007c     rts430_eabi.lib : copy_decompress_lzss.c.obj (.text:decompress:lzss:__TI_decompress_lzss)
                  0000c668    0000007a     main.obj (.text:ADCReset)
                  0000c6e2    0000005c     main.obj (.text:I2C_Slave_ProcessCMD)
                  0000c73e    00000054     main.obj (.text:RDATA)
                  0000c792    00000054     main.obj (.text:RREG)
                  0000c7e6    0000004e     main.obj (.text:CMD)
                  0000c834    0000004e     main.obj (.text:WREG)
                  0000c882    0000004c     rts430_eabi.lib : lsr16.asm.obj (.text)
                  0000c8ce    00000042                     : autoinit.c.obj (.text:__TI_auto_init_nobinit_nopinit:__TI_auto_init_nobinit_nopinit)
                  0000c910    00000038     main.obj (.text:initGPIO)
                  0000c948    00000038     main.obj (.text:initSPI)
                  0000c980    00000034     main.obj (.text:main)
                  0000c9b4    0000002e     main.obj (.text:initI2C)
                  0000c9e2    0000002c     rts430_eabi.lib : lsl16.asm.obj (.text)
                  0000ca0e    0000002a     main.obj (.text:PowerOnSetup)
                  0000ca38    00000026     main.obj (.text:SelfCalibration)
                  0000ca5e    00000024     main.obj (.text:CopytoDataBuffer)
                  0000ca82    0000001c     main.obj (.text:BurnoutCheck)
                  0000ca9e    0000001c     main.obj (.text:CopyArray)
                  0000caba    0000001c     rts430_eabi.lib : boot.c.obj (.text:_c_int00_noargs)
                  0000cad6    0000001c     main.obj (.text:initClockTo8MHz)
                  0000caf2    00000012     rts430_eabi.lib : copy_decompress_none.c.obj (.text:decompress:none:__TI_decompress_none)
                  0000cb04    00000012                     : memcpy.c.obj (.text:memcpy)
                  0000cb16    00000010                     : epilog.asm.obj (.text)
                  0000cb26    0000000c     main.obj (.text:SendUCA0Data)
                  0000cb32    00000008     rts430_eabi.lib : isr_trap.asm.obj (.text:_isr:__TI_ISR_TRAP)
                  0000cb3a    00000006                     : exit.c.obj (.text:abort)
                  0000cb40    00000004                     : pre_init.c.obj (.text:_system_pre_init)
                  0000cb44    00000002                     : startup.c.obj (.text:_system_post_cinit)

.cinit     0    0000cb46    00000058     
                  0000cb46    0000004f     (.cinit..data.load) [load image, compression = lzss]
                  0000cb95    00000001     --HOLE-- [fill = 0]
                  0000cb96    00000004     (__TI_handler_table)
                  0000cb9a    00000004     (__TI_cinit_table)

.binit     0    0000c000    00000000     

.init_array 
*          0    0000c000    00000000     UNINITIALIZED

TRAPINT    0    0000ffe0    00000002     
                  0000ffe0    00000002     rts430_eabi.lib : int00.asm.obj (.int00)

PORT1      0    0000ffe4    00000002     
                  0000ffe4    00000002     rts430_eabi.lib : int02.asm.obj (.int02)

PORT2      0    0000ffe6    00000002     
                  0000ffe6    00000002     rts430_eabi.lib : int03.asm.obj (.int03)

ADC10      0    0000ffea    00000002     
                  0000ffea    00000002     rts430_eabi.lib : int05.asm.obj (.int05)

USCIAB0TX 
*          0    0000ffec    00000002     
                  0000ffec    00000002     main.obj (.int06)

USCIAB0RX 
*          0    0000ffee    00000002     
                  0000ffee    00000002     main.obj (.int07)

TIMER0_A1 
*          0    0000fff0    00000002     
                  0000fff0    00000002     rts430_eabi.lib : int08.asm.obj (.int08)

TIMER0_A0 
*          0    0000fff2    00000002     
                  0000fff2    00000002     rts430_eabi.lib : int09.asm.obj (.int09)

WDT        0    0000fff4    00000002     
                  0000fff4    00000002     rts430_eabi.lib : int10.asm.obj (.int10)

COMPARATORA 
*          0    0000fff6    00000002     
                  0000fff6    00000002     rts430_eabi.lib : int11.asm.obj (.int11)

TIMER1_A1 
*          0    0000fff8    00000002     
                  0000fff8    00000002     rts430_eabi.lib : int12.asm.obj (.int12)

TIMER1_A0 
*          0    0000fffa    00000002     
                  0000fffa    00000002     rts430_eabi.lib : int13.asm.obj (.int13)

NMI        0    0000fffc    00000002     
                  0000fffc    00000002     rts430_eabi.lib : int14.asm.obj (.int14)

.reset     0    0000fffe    00000002     
                  0000fffe    00000002     rts430_eabi.lib : boot.c.obj (.reset)

$fill000   0    0000ffde    00000002     
                  0000ffde    00000002     --HOLE-- [fill = ffff]

MODULE SUMMARY

       Module                       code   ro data   rw data
       ------                       ----   -------   -------
    .\
       main.obj                     2476   4         170    
    +--+----------------------------+------+---------+---------+
       Total:                       2476   4         170    
                                                            
    C:\ti\ccs1011\ccs\tools\compiler\ti-cgt-msp430_20.2.1.LTS\lib\rts430_eabi.lib
       copy_decompress_lzss.c.obj   124    0         0      
       lsr16.asm.obj                76     0         0      
       autoinit.c.obj               66     0         0      
       lsl16.asm.obj                44     0         0      
       boot.c.obj                   28     2         0      
       copy_decompress_none.c.obj   18     0         0      
       memcpy.c.obj                 18     0         0      
       epilog.asm.obj               16     0         0      
       isr_trap.asm.obj             8      0         0      
       exit.c.obj                   6      0         0      
       pre_init.c.obj               4      0         0      
       int00.asm.obj                0      2         0      
       int02.asm.obj                0      2         0      
       int03.asm.obj                0      2         0      
       int05.asm.obj                0      2         0      
       int08.asm.obj                0      2         0      
       int09.asm.obj                0      2         0      
       int10.asm.obj                0      2         0      
       int11.asm.obj                0      2         0      
       int12.asm.obj                0      2         0      
       int13.asm.obj                0      2         0      
       int14.asm.obj                0      2         0      
       startup.c.obj                2      0         0      
    +--+----------------------------+------+---------+---------+
       Total:                       410    24        0      
                                                            
       Stack:                       0      0         300    
       Linker Generated:            0      87        0      
    +--+----------------------------+------+---------+---------+
       Grand Total:                 2886   115       470    


LINKER GENERATED COPY TABLES

__TI_cinit_table @ 0000cb9a records: 1, size/record: 4, table size: 4
	.data: load addr=0000cb46, load size=0000004f bytes, run addr=00000200, run size=000000c5 bytes, compression=lzss


LINKER GENERATED HANDLER TABLE

__TI_handler_table @ 0000cb96 records: 2, size/record: 2, table size: 4
	index: 0, handler: __TI_decompress_lzss
	index: 1, handler: __TI_decompress_none


GLOBAL SYMBOLS: SORTED ALPHABETICALLY BY Name 

address   name                          
-------   ----                          
0000004a  ADC10AE0                      
000001b0  ADC10CTL0                     
000001b2  ADC10CTL1                     
00000048  ADC10DTC0                     
00000049  ADC10DTC1                     
000001b4  ADC10MEM                      
000001bc  ADC10SA                       
0000c668  ADCReset                      
0000025a  ADC_Setup                     
00000057  BCSCTL1                       
00000058  BCSCTL2                       
00000053  BCSCTL3                       
0000ca82  BurnoutCheck                  
0000c27a  BurnoutDetect                 
0000025e  Burnout_Off                   
00000262  Burnout_On                    
0000cb3a  C$$EXIT                       
00000059  CACTL1                        
0000005a  CACTL2                        
000010fb  CALBC1_12MHZ                  
000010f9  CALBC1_16MHZ                  
000010ff  CALBC1_1MHZ                   
000010fd  CALBC1_8MHZ                   
000010fa  CALDCO_12MHZ                  
000010f8  CALDCO_16MHZ                  
000010fe  CALDCO_1MHZ                   
000010fc  CALDCO_8MHZ                   
0000005b  CAPD                          
0000c7e6  CMD                           
00000266  Channel_0                     
0000026a  Channel_1                     
0000026e  Channel_2                     
00000272  Channel_3                     
00000276  Channel_4                     
0000027a  Channel_5                     
0000027e  Chip_temperature              
00000282  Chop_Mode_Off                 
0000ca9e  CopyArray                     
0000ca5e  CopytoDataBuffer              
00000056  DCOCTL                        
00000286  En_PGA_32                     
0000028a  En_PGA_4                      
00000128  FCTL1                         
0000012a  FCTL2                         
0000012c  FCTL3                         
0000c6e2  I2C_Slave_ProcessCMD          
00000000  IE1                           
00000001  IE2                           
00000002  IFG1                          
00000003  IFG2                          
0000022a  MasterMode                    
00000022  P1DIR                         
00000025  P1IE                          
00000024  P1IES                         
00000023  P1IFG                         
00000020  P1IN                          
00000021  P1OUT                         
00000027  P1REN                         
00000026  P1SEL                         
00000041  P1SEL2                        
0000002a  P2DIR                         
0000002d  P2IE                          
0000002c  P2IES                         
0000002b  P2IFG                         
00000028  P2IN                          
00000029  P2OUT                         
0000002f  P2REN                         
0000002e  P2SEL                         
00000042  P2SEL2                        
0000001a  P3DIR                         
00000018  P3IN                          
00000019  P3OUT                         
00000010  P3REN                         
0000001b  P3SEL                         
00000043  P3SEL2                        
0000ca0e  PowerOnSetup                  
0000c56e  Publish_Data                  
0000c73e  RDATA                         
0000028e  RData_Rx_AVDD                 
00000292  RData_Rx_Ch0                  
00000296  RData_Rx_Ch1                  
0000029a  RData_Rx_Ch2                  
0000029e  RData_Rx_Ch3                  
000002a2  RData_Rx_Ch4                  
000002a6  RData_Rx_Ch5                  
000002aa  RData_Rx_DVDD                 
000002ae  RData_Rx_Temperature          
000002be  RData_Tx                      
0000c792  RREG                          
00000238  RReg_All_Rx                   
000002b2  RReg_All_Tx                   
0000022c  RXByteCtr                     
0000c000  ReadADCData                   
00000242  ReceiveBuffer                 
0000022d  ReceiveIndex                  
00000228  SLAVE_ADDR                    
0000ca38  SelfCalibration               
0000cb26  SendUCA0Data                  
00000230  SlaveMode                     
00000256  Status_bitfield               
00000172  TA0CCR0                       
00000174  TA0CCR1                       
00000176  TA0CCR2                       
00000162  TA0CCTL0                      
00000164  TA0CCTL1                      
00000166  TA0CCTL2                      
00000160  TA0CTL                        
0000012e  TA0IV                         
00000170  TA0R                          
00000192  TA1CCR0                       
00000194  TA1CCR1                       
00000196  TA1CCR2                       
00000182  TA1CCTL0                      
00000184  TA1CCTL1                      
00000186  TA1CCTL2                      
00000180  TA1CTL                        
0000011e  TA1IV                         
00000190  TA1R                          
000010db  TLV_ADC10_1_LEN               
000010da  TLV_ADC10_1_TAG               
000010c0  TLV_CHECKSUM                  
000010f7  TLV_DCO_30_LEN                
000010f6  TLV_DCO_30_TAG                
0000022e  TXByteCtr                     
0000024c  TransmitBuffer                
0000022f  TransmitIndex                 
0000005d  UCA0ABCTL                     
00000062  UCA0BR0                       
00000063  UCA0BR1                       
00000060  UCA0CTL0                      
00000061  UCA0CTL1                      
0000005f  UCA0IRRCTL                    
0000005e  UCA0IRTCTL                    
00000064  UCA0MCTL                      
00000066  UCA0RXBUF                     
00000065  UCA0STAT                      
00000067  UCA0TXBUF                     
0000006a  UCB0BR0                       
0000006b  UCB0BR1                       
00000068  UCB0CTL0                      
00000069  UCB0CTL1                      
0000006c  UCB0I2CIE                     
00000118  UCB0I2COA                     
0000011a  UCB0I2CSA                     
0000006e  UCB0RXBUF                     
0000006d  UCB0STAT                      
0000006f  UCB0TXBUF                     
0000c3f6  USCIA0RX_ISR                  
0000c4d2  USCIAB0TX_ISR                 
000002b6  V_analog_mon                  
000002ba  V_digital_mon                 
00000120  WDTCTL                        
0000c834  WREG                          
00000400  __STACK_END                   
0000012c  __STACK_SIZE                  
0000cb9a  __TI_CINIT_Base               
0000cb9e  __TI_CINIT_Limit              
0000cb96  __TI_Handler_Table_Base       
0000cb9a  __TI_Handler_Table_Limit      
0000cb32  __TI_ISR_TRAP                 
0000c8ce  __TI_auto_init_nobinit_nopinit
0000c5ec  __TI_decompress_lzss          
0000caf2  __TI_decompress_none          
0000ffe0  __TI_int00                    
0000ffe4  __TI_int02                    
0000ffe6  __TI_int03                    
0000ffea  __TI_int05                    
0000ffec  __TI_int06                    
0000ffee  __TI_int07                    
0000fff0  __TI_int08                    
0000fff2  __TI_int09                    
0000fff4  __TI_int10                    
0000fff6  __TI_int11                    
0000fff8  __TI_int12                    
0000fffa  __TI_int13                    
0000fffc  __TI_int14                    
ffffffff  __TI_pprof_out_hndl           
ffffffff  __TI_prof_data_size           
ffffffff  __TI_prof_data_start          
ffffffff  __c_args__                    
0000cb22  __mspabi_func_epilog_1        
0000cb20  __mspabi_func_epilog_2        
0000cb1e  __mspabi_func_epilog_3        
0000cb1c  __mspabi_func_epilog_4        
0000cb1a  __mspabi_func_epilog_5        
0000cb18  __mspabi_func_epilog_6        
0000cb16  __mspabi_func_epilog_7        
0000c9e2  __mspabi_slli                 
0000ca0a  __mspabi_slli_1               
0000c9f8  __mspabi_slli_10              
0000c9f6  __mspabi_slli_11              
0000c9f4  __mspabi_slli_12              
0000c9f2  __mspabi_slli_13              
0000c9f0  __mspabi_slli_14              
0000c9ee  __mspabi_slli_15              
0000ca08  __mspabi_slli_2               
0000ca06  __mspabi_slli_3               
0000ca04  __mspabi_slli_4               
0000ca02  __mspabi_slli_5               
0000ca00  __mspabi_slli_6               
0000c9fe  __mspabi_slli_7               
0000c9fc  __mspabi_slli_8               
0000c9fa  __mspabi_slli_9               
0000c882  __mspabi_srli                 
0000c8c8  __mspabi_srli_1               
0000c8a4  __mspabi_srli_10              
0000c8a0  __mspabi_srli_11              
0000c89c  __mspabi_srli_12              
0000c898  __mspabi_srli_13              
0000c894  __mspabi_srli_14              
0000c890  __mspabi_srli_15              
0000c8c4  __mspabi_srli_2               
0000c8c0  __mspabi_srli_3               
0000c8bc  __mspabi_srli_4               
0000c8b8  __mspabi_srli_5               
0000c8b4  __mspabi_srli_6               
0000c8b0  __mspabi_srli_7               
0000c8ac  __mspabi_srli_8               
0000c8a8  __mspabi_srli_9               
0000caba  _c_int00_noargs               
0000fffe  _reset_vector                 
000002d4  _stack                        
0000cb44  _system_post_cinit            
0000cb40  _system_pre_init              
0000cb3a  abort                         
00000233  i2cRXByteCtr                  
000002c0  i2cReceiveBuffer              
00000234  i2cReceiveIndex               
00000232  i2cReceiveRegAddr             
00000235  i2cTXByteCtr                  
00000200  i2cTransmitBuffer             
00000236  i2cTransmitIndex              
0000cad6  initClockTo8MHz               
0000c910  initGPIO                      
0000c9b4  initI2C                       
0000c948  initSPI                       
0000c980  main                          
0000cb04  memcpy                        
000002c2  sfocal_cmd                    
000002c4  start_cmd                     
00000229  started                       


GLOBAL SYMBOLS: SORTED BY Symbol Address 

address   name                          
-------   ----                          
00000000  IE1                           
00000001  IE2                           
00000002  IFG1                          
00000003  IFG2                          
00000010  P3REN                         
00000018  P3IN                          
00000019  P3OUT                         
0000001a  P3DIR                         
0000001b  P3SEL                         
00000020  P1IN                          
00000021  P1OUT                         
00000022  P1DIR                         
00000023  P1IFG                         
00000024  P1IES                         
00000025  P1IE                          
00000026  P1SEL                         
00000027  P1REN                         
00000028  P2IN                          
00000029  P2OUT                         
0000002a  P2DIR                         
0000002b  P2IFG                         
0000002c  P2IES                         
0000002d  P2IE                          
0000002e  P2SEL                         
0000002f  P2REN                         
00000041  P1SEL2                        
00000042  P2SEL2                        
00000043  P3SEL2                        
00000048  ADC10DTC0                     
00000049  ADC10DTC1                     
0000004a  ADC10AE0                      
00000053  BCSCTL3                       
00000056  DCOCTL                        
00000057  BCSCTL1                       
00000058  BCSCTL2                       
00000059  CACTL1                        
0000005a  CACTL2                        
0000005b  CAPD                          
0000005d  UCA0ABCTL                     
0000005e  UCA0IRTCTL                    
0000005f  UCA0IRRCTL                    
00000060  UCA0CTL0                      
00000061  UCA0CTL1                      
00000062  UCA0BR0                       
00000063  UCA0BR1                       
00000064  UCA0MCTL                      
00000065  UCA0STAT                      
00000066  UCA0RXBUF                     
00000067  UCA0TXBUF                     
00000068  UCB0CTL0                      
00000069  UCB0CTL1                      
0000006a  UCB0BR0                       
0000006b  UCB0BR1                       
0000006c  UCB0I2CIE                     
0000006d  UCB0STAT                      
0000006e  UCB0RXBUF                     
0000006f  UCB0TXBUF                     
00000118  UCB0I2COA                     
0000011a  UCB0I2CSA                     
0000011e  TA1IV                         
00000120  WDTCTL                        
00000128  FCTL1                         
0000012a  FCTL2                         
0000012c  FCTL3                         
0000012c  __STACK_SIZE                  
0000012e  TA0IV                         
00000160  TA0CTL                        
00000162  TA0CCTL0                      
00000164  TA0CCTL1                      
00000166  TA0CCTL2                      
00000170  TA0R                          
00000172  TA0CCR0                       
00000174  TA0CCR1                       
00000176  TA0CCR2                       
00000180  TA1CTL                        
00000182  TA1CCTL0                      
00000184  TA1CCTL1                      
00000186  TA1CCTL2                      
00000190  TA1R                          
00000192  TA1CCR0                       
00000194  TA1CCR1                       
00000196  TA1CCR2                       
000001b0  ADC10CTL0                     
000001b2  ADC10CTL1                     
000001b4  ADC10MEM                      
000001bc  ADC10SA                       
00000200  i2cTransmitBuffer             
00000228  SLAVE_ADDR                    
00000229  started                       
0000022a  MasterMode                    
0000022c  RXByteCtr                     
0000022d  ReceiveIndex                  
0000022e  TXByteCtr                     
0000022f  TransmitIndex                 
00000230  SlaveMode                     
00000232  i2cReceiveRegAddr             
00000233  i2cRXByteCtr                  
00000234  i2cReceiveIndex               
00000235  i2cTXByteCtr                  
00000236  i2cTransmitIndex              
00000238  RReg_All_Rx                   
00000242  ReceiveBuffer                 
0000024c  TransmitBuffer                
00000256  Status_bitfield               
0000025a  ADC_Setup                     
0000025e  Burnout_Off                   
00000262  Burnout_On                    
00000266  Channel_0                     
0000026a  Channel_1                     
0000026e  Channel_2                     
00000272  Channel_3                     
00000276  Channel_4                     
0000027a  Channel_5                     
0000027e  Chip_temperature              
00000282  Chop_Mode_Off                 
00000286  En_PGA_32                     
0000028a  En_PGA_4                      
0000028e  RData_Rx_AVDD                 
00000292  RData_Rx_Ch0                  
00000296  RData_Rx_Ch1                  
0000029a  RData_Rx_Ch2                  
0000029e  RData_Rx_Ch3                  
000002a2  RData_Rx_Ch4                  
000002a6  RData_Rx_Ch5                  
000002aa  RData_Rx_DVDD                 
000002ae  RData_Rx_Temperature          
000002b2  RReg_All_Tx                   
000002b6  V_analog_mon                  
000002ba  V_digital_mon                 
000002be  RData_Tx                      
000002c0  i2cReceiveBuffer              
000002c2  sfocal_cmd                    
000002c4  start_cmd                     
000002d4  _stack                        
00000400  __STACK_END                   
000010c0  TLV_CHECKSUM                  
000010da  TLV_ADC10_1_TAG               
000010db  TLV_ADC10_1_LEN               
000010f6  TLV_DCO_30_TAG                
000010f7  TLV_DCO_30_LEN                
000010f8  CALDCO_16MHZ                  
000010f9  CALBC1_16MHZ                  
000010fa  CALDCO_12MHZ                  
000010fb  CALBC1_12MHZ                  
000010fc  CALDCO_8MHZ                   
000010fd  CALBC1_8MHZ                   
000010fe  CALDCO_1MHZ                   
000010ff  CALBC1_1MHZ                   
0000c000  ReadADCData                   
0000c27a  BurnoutDetect                 
0000c3f6  USCIA0RX_ISR                  
0000c4d2  USCIAB0TX_ISR                 
0000c56e  Publish_Data                  
0000c5ec  __TI_decompress_lzss          
0000c668  ADCReset                      
0000c6e2  I2C_Slave_ProcessCMD          
0000c73e  RDATA                         
0000c792  RREG                          
0000c7e6  CMD                           
0000c834  WREG                          
0000c882  __mspabi_srli                 
0000c890  __mspabi_srli_15              
0000c894  __mspabi_srli_14              
0000c898  __mspabi_srli_13              
0000c89c  __mspabi_srli_12              
0000c8a0  __mspabi_srli_11              
0000c8a4  __mspabi_srli_10              
0000c8a8  __mspabi_srli_9               
0000c8ac  __mspabi_srli_8               
0000c8b0  __mspabi_srli_7               
0000c8b4  __mspabi_srli_6               
0000c8b8  __mspabi_srli_5               
0000c8bc  __mspabi_srli_4               
0000c8c0  __mspabi_srli_3               
0000c8c4  __mspabi_srli_2               
0000c8c8  __mspabi_srli_1               
0000c8ce  __TI_auto_init_nobinit_nopinit
0000c910  initGPIO                      
0000c948  initSPI                       
0000c980  main                          
0000c9b4  initI2C                       
0000c9e2  __mspabi_slli                 
0000c9ee  __mspabi_slli_15              
0000c9f0  __mspabi_slli_14              
0000c9f2  __mspabi_slli_13              
0000c9f4  __mspabi_slli_12              
0000c9f6  __mspabi_slli_11              
0000c9f8  __mspabi_slli_10              
0000c9fa  __mspabi_slli_9               
0000c9fc  __mspabi_slli_8               
0000c9fe  __mspabi_slli_7               
0000ca00  __mspabi_slli_6               
0000ca02  __mspabi_slli_5               
0000ca04  __mspabi_slli_4               
0000ca06  __mspabi_slli_3               
0000ca08  __mspabi_slli_2               
0000ca0a  __mspabi_slli_1               
0000ca0e  PowerOnSetup                  
0000ca38  SelfCalibration               
0000ca5e  CopytoDataBuffer              
0000ca82  BurnoutCheck                  
0000ca9e  CopyArray                     
0000caba  _c_int00_noargs               
0000cad6  initClockTo8MHz               
0000caf2  __TI_decompress_none          
0000cb04  memcpy                        
0000cb16  __mspabi_func_epilog_7        
0000cb18  __mspabi_func_epilog_6        
0000cb1a  __mspabi_func_epilog_5        
0000cb1c  __mspabi_func_epilog_4        
0000cb1e  __mspabi_func_epilog_3        
0000cb20  __mspabi_func_epilog_2        
0000cb22  __mspabi_func_epilog_1        
0000cb26  SendUCA0Data                  
0000cb32  __TI_ISR_TRAP                 
0000cb3a  C$$EXIT                       
0000cb3a  abort                         
0000cb40  _system_pre_init              
0000cb44  _system_post_cinit            
0000cb96  __TI_Handler_Table_Base       
0000cb9a  __TI_CINIT_Base               
0000cb9a  __TI_Handler_Table_Limit      
0000cb9e  __TI_CINIT_Limit              
0000ffe0  __TI_int00                    
0000ffe4  __TI_int02                    
0000ffe6  __TI_int03                    
0000ffea  __TI_int05                    
0000ffec  __TI_int06                    
0000ffee  __TI_int07                    
0000fff0  __TI_int08                    
0000fff2  __TI_int09                    
0000fff4  __TI_int10                    
0000fff6  __TI_int11                    
0000fff8  __TI_int12                    
0000fffa  __TI_int13                    
0000fffc  __TI_int14                    
0000fffe  _reset_vector                 
ffffffff  __TI_pprof_out_hndl           
ffffffff  __TI_prof_data_size           
ffffffff  __TI_prof_data_start          
ffffffff  __c_args__                    

[241 symbols]
